Archive member included to satisfy reference by file (symbol)

app/libapp.a(main.c.obj)      (--whole-archive)
zephyr/libzephyr.a(cbprintf.c.obj)
                              (--whole-archive)
zephyr/libzephyr.a(crc32_sw.c.obj)
                              (--whole-archive)
zephyr/libzephyr.a(crc16_sw.c.obj)
                              (--whole-archive)
zephyr/libzephyr.a(crc8_sw.c.obj)
                              (--whole-archive)
zephyr/libzephyr.a(crc7_sw.c.obj)
                              (--whole-archive)
zephyr/libzephyr.a(dec.c.obj)
                              (--whole-archive)
zephyr/libzephyr.a(fdtable.c.obj)
                              (--whole-archive)
zephyr/libzephyr.a(hex.c.obj)
                              (--whole-archive)
zephyr/libzephyr.a(notify.c.obj)
                              (--whole-archive)
zephyr/libzephyr.a(printk.c.obj)
                              (--whole-archive)
zephyr/libzephyr.a(onoff.c.obj)
                              (--whole-archive)
zephyr/libzephyr.a(rb.c.obj)  (--whole-archive)
zephyr/libzephyr.a(sem.c.obj)
                              (--whole-archive)
zephyr/libzephyr.a(thread_entry.c.obj)
                              (--whole-archive)
zephyr/libzephyr.a(timeutil.c.obj)
                              (--whole-archive)
zephyr/libzephyr.a(work_q.c.obj)
                              (--whole-archive)
zephyr/libzephyr.a(heap.c.obj)
                              (--whole-archive)
zephyr/libzephyr.a(heap-validate.c.obj)
                              (--whole-archive)
zephyr/libzephyr.a(cbprintf_complete.c.obj)
                              (--whole-archive)
zephyr/libzephyr.a(configs.c.obj)
                              (--whole-archive)
zephyr/libzephyr.a(validate_base_addresses.c.obj)
                              (--whole-archive)
zephyr/libzephyr.a(validate_enabled_instances.c.obj)
                              (--whole-archive)
zephyr/libzephyr.a(log_list.c.obj)
                              (--whole-archive)
zephyr/libzephyr.a(log_core.c.obj)
                              (--whole-archive)
zephyr/libzephyr.a(log_msg.c.obj)
                              (--whole-archive)
zephyr/libzephyr.a(log_output.c.obj)
                              (--whole-archive)
zephyr/libzephyr.a(log_backend_uart.c.obj)
                              (--whole-archive)
zephyr/libzephyr.a(log_backend_rtt.c.obj)
                              (--whole-archive)
zephyr/libzephyr.a(hrs.c.obj)
                              (--whole-archive)
zephyr/libzephyr.a(addr_utils.c.obj)
                              (--whole-archive)
zephyr/libzephyr.a(power.c.obj)
                              (--whole-archive)
zephyr/libzephyr.a(reboot.c.obj)
                              (--whole-archive)
zephyr/libzephyr.a(policy_residency.c.obj)
                              (--whole-archive)
zephyr/libzephyr.a(uart_console.c.obj)
                              (--whole-archive)
zephyr/libzephyr.a(clock_control_nrf.c.obj)
                              (--whole-archive)
zephyr/libzephyr.a(sys_clock_init.c.obj)
                              (--whole-archive)
zephyr/libzephyr.a(nrf_rtc_timer.c.obj)
                              (--whole-archive)
zephyr/libzephyr.a(SEGGER_RTT.c.obj)
                              (--whole-archive)
zephyr/libzephyr.a(SEGGER_RTT_zephyr.c.obj)
                              (--whole-archive)
zephyr/libzephyr.a(utils.c.obj)
                              (--whole-archive)
zephyr/libzephyr.a(aes_decrypt.c.obj)
                              (--whole-archive)
zephyr/libzephyr.a(aes_encrypt.c.obj)
                              (--whole-archive)
zephyr/libzephyr.a(cmac_mode.c.obj)
                              (--whole-archive)
zephyr/arch/common/libarch__common.a(sw_isr_common.c.obj)
                              (--whole-archive)
zephyr/arch/arch/arm/core/aarch32/libarch__arm__core__aarch32.a(swap.c.obj)
                              (--whole-archive)
zephyr/arch/arch/arm/core/aarch32/libarch__arm__core__aarch32.a(swap_helper.S.obj)
                              (--whole-archive)
zephyr/arch/arch/arm/core/aarch32/libarch__arm__core__aarch32.a(irq_manage.c.obj)
                              (--whole-archive)
zephyr/arch/arch/arm/core/aarch32/libarch__arm__core__aarch32.a(thread.c.obj)
                              (--whole-archive)
zephyr/arch/arch/arm/core/aarch32/libarch__arm__core__aarch32.a(cpu_idle.S.obj)
                              (--whole-archive)
zephyr/arch/arch/arm/core/aarch32/libarch__arm__core__aarch32.a(fatal.c.obj)
                              (--whole-archive)
zephyr/arch/arch/arm/core/aarch32/libarch__arm__core__aarch32.a(nmi.c.obj)
                              (--whole-archive)
zephyr/arch/arch/arm/core/aarch32/libarch__arm__core__aarch32.a(nmi_on_reset.S.obj)
                              (--whole-archive)
zephyr/arch/arch/arm/core/aarch32/libarch__arm__core__aarch32.a(prep_c.c.obj)
                              (--whole-archive)
[...]
Memory Configuration

Name             Origin             Length             Attributes
FLASH            0x00000000         0x00040000         xr
SRAM             0x20000000         0x00008000         xw
IDT_LIST         0x20008000         0x00000800         xw
*default*        0x00000000         0xffffffff

Linker script and memory map

LOAD zephyr/CMakeFiles/zephyr_prebuilt.dir/misc/empty_file.c.obj
                0x00000020                _region_min_align = 0x20

.rel.plt        0x00000000        0x0
 *(SORT_BY_ALIGNMENT(.rel.plt))
                [!provide]                PROVIDE (__rel_iplt_start = .)
 *(SORT_BY_ALIGNMENT(.rel.iplt))
 .rel.iplt      0x00000000        0x0 app/libapp.a(main.c.obj)
                [!provide]                PROVIDE (__rel_iplt_end = .)

.rela.plt       0x00000000        0x0
 *(SORT_BY_ALIGNMENT(.rela.plt))
                [!provide]                PROVIDE (__rela_iplt_start = .)
 *(SORT_BY_ALIGNMENT(.rela.iplt))
                [!provide]                PROVIDE (__rela_iplt_end = .)

.rel.dyn
 *(SORT_BY_ALIGNMENT(.rel.*))

.rela.dyn
 *(SORT_BY_ALIGNMENT(.rela.*))

/DISCARD/
 *(SORT_BY_ALIGNMENT(.plt))
 *(SORT_BY_ALIGNMENT(.iplt))
 *(SORT_BY_ALIGNMENT(.got.plt))
 *(SORT_BY_ALIGNMENT(.igot.plt))
 *(SORT_BY_ALIGNMENT(.got))
 *(SORT_BY_ALIGNMENT(.igot))
 *(SORT_BY_ALIGNMENT(.note.GNU-stack))
                0x00000000                _image_rom_start = 0x0

rom_start       0x00000000       0xe0
                0x00000000                . = 0x0
                0x00000000                . = ALIGN (0x4)
                0x00000000                . = ALIGN (0x80)
                0x00000000                . = ALIGN (0x100)
                0x00000000                _vector_start = .
 *(SORT_BY_ALIGNMENT(.exc_vector_table))
 *(SORT_BY_ALIGNMENT(.exc_vector_table.*))
 .exc_vector_table._vector_table_section
                0x00000000       0x40 zephyr/arch/arch/arm/core/aarch32/cortex_m/libarch__arm__core__aarch32__cortex_m.a(vector_table.S.obj)
                0x00000000                _vector_table
 *(SORT_BY_ALIGNMENT(.gnu.linkonce.irq_vector_table*))
 .gnu.linkonce.irq_vector_table*
                0x00000040       0xa0 zephyr/arch/common/libisr_tables.a(isr_tables.c.obj)
                0x00000040                _irq_vector_table
 *(SORT_BY_ALIGNMENT(.vectors))
                0x000000e0                _vector_end = .
 *(SORT_BY_ALIGNMENT(.openocd_dbg))
 *(SORT_BY_ALIGNMENT(.openocd_dbg.*))

text            0x000000e0    0x2001c
                0x000000e0                _image_text_start = .
 *(SORT_BY_ALIGNMENT(.text))
 .text          0x000000e0       0x30 c:/work/ncs/v1.5.0/toolchain/opt/bin/../lib/gcc/arm-none-eabi/9.2.1/thumb/v7e-m/nofp\libgcc.a(_aeabi_uldivmod.o)
                0x000000e0                __aeabi_uldivmod
 .text          0x00000110      0x2c0 c:/work/ncs/v1.5.0/toolchain/opt/bin/../lib/gcc/arm-none-eabi/9.2.1/thumb/v7e-m/nofp\libgcc.a(_udivmoddi4.o)
                0x00000110                __udivmoddi4
 .text          0x000003d0        0x4 c:/work/ncs/v1.5.0/toolchain/opt/bin/../lib/gcc/arm-none-eabi/9.2.1/thumb/v7e-m/nofp\libgcc.a(_dvmd_tls.o)
                0x000003d0                __aeabi_idiv0
                0x000003d0                __aeabi_ldiv0
 .text          0x000003d4       0x34 C:/Work/NCS/v1.5.0/nrfxlib/mpsl/lib/cortex-m4/soft-float/libmpsl.a(libmpsl_debug_soft__obfuscated.elf)
                0x000003d4                sym_QV6CME4HLWJA6KQZ7HE7ECNT7UGKOYHKNHH6E7I
 .text          0x00000408        0xc C:/Work/NCS/v1.5.0/nrfxlib/mpsl/lib/cortex-m4/soft-float/libmpsl.a(libmpsl_debug_soft__obfuscated.elf)
                0x00000408                sym_SKFSQME5SGNPYLL7B75KY7PHXFYWSRI2HSTT45A
 .text          0x00000414       0x18 C:/Work/NCS/v1.5.0/nrfxlib/mpsl/lib/cortex-m4/soft-float/libmpsl.a(libmpsl_debug_soft__obfuscated.elf)
                0x00000414                sym_4RNEPYYQOFM4LAOGLN2TB27X7L3XBISTGAWYOHQ
 .text          0x0000042c       0xc4 C:/Work/NCS/v1.5.0/nrfxlib/mpsl/lib/cortex-m4/soft-float/libmpsl.a(libmpsl_debug_soft__obfuscated.elf)
 .text          0x000004f0       0x78 C:/Work/NCS/v1.5.0/nrfxlib/mpsl/lib/cortex-m4/soft-float/libmpsl.a(libmpsl_debug_soft__obfuscated.elf)
 .text          0x00000568      0x294 C:/Work/NCS/v1.5.0/nrfxlib/mpsl/lib/cortex-m4/soft-float/libmpsl.a(libmpsl_debug_soft__obfuscated.elf)
 .text          0x000007fc      0x12c C:/Work/NCS/v1.5.0/nrfxlib/mpsl/lib/cortex-m4/soft-float/libmpsl.a(libmpsl_debug_soft__obfuscated.elf)
 .text          0x00000928      0x52c C:/Work/NCS/v1.5.0/nrfxlib/mpsl/lib/cortex-m4/soft-float/libmpsl.a(libmpsl_debug_soft__obfuscated.elf)
 .text          0x00000e54       0x60 C:/Work/NCS/v1.5.0/nrfxlib/mpsl/lib/cortex-m4/soft-float/libmpsl.a(libmpsl_debug_soft__obfuscated.elf)
 .text          0x00000eb4       0xcc C:/Work/NCS/v1.5.0/nrfxlib/mpsl/lib/cortex-m4/soft-float/libmpsl.a(libmpsl_debug_soft__obfuscated.elf)
 .text          0x00000f80       0x7c C:/Work/NCS/v1.5.0/nrfxlib/mpsl/lib/cortex-m4/soft-float/libmpsl.a(libmpsl_debug_soft__obfuscated.elf)
 .text          0x00000ffc       0x60 C:/Work/NCS/v1.5.0/nrfxlib/mpsl/lib/cortex-m4/soft-float/libmpsl.a(libmpsl_debug_soft__obfuscated.elf)
 .text          0x0000105c      0x198 C:/Work/NCS/v1.5.0/nrfxlib/mpsl/lib/cortex-m4/soft-float/libmpsl.a(libmpsl_debug_soft__obfuscated.elf)
 .text          0x000011f4      0x1e4 C:/Work/NCS/v1.5.0/nrfxlib/mpsl/lib/cortex-m4/soft-float/libmpsl.a(libmpsl_debug_soft__obfuscated.elf)
                0x000011f4                sym_QWOE5H22ZADGJX5JSROW7BOI32Z6PPEEJCISNOQ
 .text          0x000013d8       0x6c C:/Work/NCS/v1.5.0/nrfxlib/mpsl/lib/cortex-m4/soft-float/libmpsl.a(libmpsl_debug_soft__obfuscated.elf)
                0x000013d8                sym_2O2USXABBLL6KC7E5NJFOHR6JLZMSV4AU5ZYH3Q
 .text          0x00001444       0x48 C:/Work/NCS/v1.5.0/nrfxlib/mpsl/lib/cortex-m4/soft-float/libmpsl.a(libmpsl_debug_soft__obfuscated.elf)
                0x00001444                sym_VDVM4QLBTRUPEGCBUXIK25LH2KVQWBZXHRBYEFY
 .text          0x0000148c       0x38 C:/Work/NCS/v1.5.0/nrfxlib/mpsl/lib/cortex-m4/soft-float/libmpsl.a(libmpsl_debug_soft__obfuscated.elf)
                0x0000148c                sym_UY2NI5OOASY6266A2A7GY3XEUA5M2CDE2WTVEIY
 .text          0x000014c4      0x198 C:/Work/NCS/v1.5.0/nrfxlib/mpsl/lib/cortex-m4/soft-float/libmpsl.a(libmpsl_debug_soft__obfuscated.elf)
                0x000014c4                sym_J5F7QGRFPKMLWRNSXZXS5YI7BM4DUTISCOASCOA
 .text          0x0000165c       0x14 C:/Work/NCS/v1.5.0/nrfxlib/mpsl/lib/cortex-m4/soft-float/libmpsl.a(libmpsl_debug_soft__obfuscated.elf)
                0x0000165c                sym_MGCUANL7Q2CUPWKYBFLWSWSNXIEEYBPZTHT2VZI
 .text          0x00001670      0x470 C:/Work/NCS/v1.5.0/nrfxlib/mpsl/lib/cortex-m4/soft-float/libmpsl.a(libmpsl_debug_soft__obfuscated.elf)
                0x00001670                sym_NFDFVOR5BUFND4TNTGYIYR4ARXJRXWSQ4PVFUKY
 .text          0x00001ae0      0x3b8 C:/Work/NCS/v1.5.0/nrfxlib/mpsl/lib/cortex-m4/soft-float/libmpsl.a(libmpsl_debug_soft__obfuscated.elf)
                0x00001ae0                sym_CVH6S6LMSFPC2RM6I6LYWFRVOJUD3A6OCMG7AAI
 .text          0x00001e98      0x218 C:/Work/NCS/v1.5.0/nrfxlib/mpsl/lib/cortex-m4/soft-float/libmpsl.a(libmpsl_debug_soft__obfuscated.elf)
                0x00001e98                sym_R4Y3KWNYX4PGGLE5X2L7DXMWMJUY3DOXD7LSUKY
 .text          0x000020b0       0x44 C:/Work/NCS/v1.5.0/nrfxlib/mpsl/lib/cortex-m4/soft-float/libmpsl.a(libmpsl_debug_soft__obfuscated.elf)
                0x000020b0                sym_CFZK3G6ZC4ONUAYO2UALWQ4CBO7A6ADNAS2FS7Y
 .text          0x000020f4      0x210 C:/Work/NCS/v1.5.0/nrfxlib/mpsl/lib/cortex-m4/soft-float/libmpsl.a(libmpsl_debug_soft__obfuscated.elf)
                0x000020f4                sym_DQFOGVCNU4NTOMWSL3IYDNCMIXT2LT7SZHL5IHI
 .text          0x00002304       0x48 C:/Work/NCS/v1.5.0/nrfxlib/mpsl/lib/cortex-m4/soft-float/libmpsl.a(libmpsl_debug_soft__obfuscated.elf)
                0x00002304                sym_RPHL2J7CVNKM6GKLDIFI4NVAPZE2FHTYW4VJSJI
 .text          0x0000234c      0x144 C:/Work/NCS/v1.5.0/nrfxlib/mpsl/lib/cortex-m4/soft-float/libmpsl.a(libmpsl_debug_soft__obfuscated.elf)
                0x0000234c                sym_SFR5TVV24PZRIRC5QGOHL2X436PUHKRY2QWKP5Y
 .text          0x00002490       0xdc C:/Work/NCS/v1.5.0/nrfxlib/mpsl/lib/cortex-m4/soft-float/libmpsl.a(libmpsl_debug_soft__obfuscated.elf)
                0x00002490                sym_URFU24FFGR2HYB6CCPIPKPNZNMTWHKDYOATUJNY
 .text          0x0000256c       0x8c C:/Work/NCS/v1.5.0/nrfxlib/mpsl/lib/cortex-m4/soft-float/libmpsl.a(libmpsl_debug_soft__obfuscated.elf)
                0x0000256c                sym_ZC6NJBPUISWILQK6OTOBMJVVUT63JRIDGH5WNCY
 .text          0x000025f8       0x3c C:/Work/NCS/v1.5.0/nrfxlib/mpsl/lib/cortex-m4/soft-float/libmpsl.a(libmpsl_debug_soft__obfuscated.elf)
                0x000025f8                sym_4FXF7BZT2IZ3YRYSE3Z2XCICKWZPGDZTXL2ECZQ
 .text          0x00002634       0x50 C:/Work/NCS/v1.5.0/nrfxlib/mpsl/lib/cortex-m4/soft-float/libmpsl.a(libmpsl_debug_soft__obfuscated.elf)
                0x00002634                sym_ORUJDMUJV7RZIFXM3X5KLRROPKJ7VPLJ65JMLRQ
 .text          0x00002684       0x9c C:/Work/NCS/v1.5.0/nrfxlib/mpsl/lib/cortex-m4/soft-float/libmpsl.a(libmpsl_debug_soft__obfuscated.elf)
                0x00002684                MPSL_IRQ_RTC0_Handler
 .text          0x00002720       0xf8 C:/Work/NCS/v1.5.0/nrfxlib/mpsl/lib/cortex-m4/soft-float/libmpsl.a(libmpsl_debug_soft__obfuscated.elf)
                0x00002720                MPSL_IRQ_TIMER0_Handler
 .text          0x00002818       0x5c C:/Work/NCS/v1.5.0/nrfxlib/mpsl/lib/cortex-m4/soft-float/libmpsl.a(libmpsl_debug_soft__obfuscated.elf)
 .text          0x00002874        0xc C:/Work/NCS/v1.5.0/nrfxlib/mpsl/lib/cortex-m4/soft-float/libmpsl.a(libmpsl_debug_soft__obfuscated.elf)
                0x00002874                sym_M4DIQOXJAE3BNHQBIUCZXAABSM24CWUEJOCU7DY
 .text          0x00002880      0x134 C:/Work/NCS/v1.5.0/nrfxlib/mpsl/lib/cortex-m4/soft-float/libmpsl.a(libmpsl_debug_soft__obfuscated.elf)
                0x00002880                sym_2ZDZA75WOMRNSQ6XL7IZWAQKYFFSRJOGBGKPTIQ
 .text          0x000029b4       0xcc C:/Work/NCS/v1.5.0/nrfxlib/mpsl/lib/cortex-m4/soft-float/libmpsl.a(libmpsl_debug_soft__obfuscated.elf)
                0x000029b4                sym_UGOJA475OXR5HR5WFINUK27HP5BRGNWCZXQLKDI
 .text          0x00002a80        0xc C:/Work/NCS/v1.5.0/nrfxlib/mpsl/lib/cortex-m4/soft-float/libmpsl.a(libmpsl_debug_soft__obfuscated.elf)
                0x00002a80                sym_RUQO26WM5KVVEW7O3OHCXPO7LLLXRBDPIPSWIWY
 .text          0x00002a8c       0xf4 C:/Work/NCS/v1.5.0/nrfxlib/mpsl/lib/cortex-m4/soft-float/libmpsl.a(libmpsl_debug_soft__obfuscated.elf)
                0x00002a8c                sym_QUBGY7RMPG7R5F6DVNURH4AVGDAWMK46YXU4DRA
 .text          0x00002b80      0x190 C:/Work/NCS/v1.5.0/nrfxlib/mpsl/lib/cortex-m4/soft-float/libmpsl.a(libmpsl_debug_soft__obfuscated.elf)
                0x00002b80                sym_X2K67YH6UCW6TFK6NTLPZZFGWYHTTPZYK5PXHNQ
 .text          0x00002d10       0xb8 C:/Work/NCS/v1.5.0/nrfxlib/mpsl/lib/cortex-m4/soft-float/libmpsl.a(libmpsl_debug_soft__obfuscated.elf)
                0x00002d10                sym_TSYEIN5CZPQE3YK6VECZD5C2M4LMXKKH6O7LNAY
 .text          0x00002dc8       0x94 C:/Work/NCS/v1.5.0/nrfxlib/mpsl/lib/cortex-m4/soft-float/libmpsl.a(libmpsl_debug_soft__obfuscated.elf)
                0x00002dc8                sym_OLTN5HGCU3P74AJAQRGNYBUXASUKWF3RI2Q3H5Q
 .text          0x00002e5c       0x28 C:/Work/NCS/v1.5.0/nrfxlib/mpsl/lib/cortex-m4/soft-float/libmpsl.a(libmpsl_debug_soft__obfuscated.elf)
                0x00002e5c                sym_CPXNCG66C5WXYS4GOKTR2JEIS45ZVRZUCBYX34I
 .text          0x00002e84       0x34 C:/Work/NCS/v1.5.0/nrfxlib/mpsl/lib/cortex-m4/soft-float/libmpsl.a(libmpsl_debug_soft__obfuscated.elf)
                0x00002e84                sym_CQWZ455IMTLTPY5LEEZHXHRRNX223B3HTDD45HA
 .text          0x00002eb8       0x78 C:/Work/NCS/v1.5.0/nrfxlib/mpsl/lib/cortex-m4/soft-float/libmpsl.a(libmpsl_debug_soft__obfuscated.elf)
                0x00002eb8                sym_3SK52U5TD4ACVVYKWS6UI6ZPWKSLV6BW5IGCPJI
 .text          0x00002f30       0x58 C:/Work/NCS/v1.5.0/nrfxlib/mpsl/lib/cortex-m4/soft-float/libmpsl.a(libmpsl_debug_soft__obfuscated.elf)
                0x00002f30                sym_AO7IDJTBMFZUQLFLRLEUMHZWK5ISLDQ2UN56FCI
 .text          0x00002f88       0x64 C:/Work/NCS/v1.5.0/nrfxlib/mpsl/lib/cortex-m4/soft-float/libmpsl.a(libmpsl_debug_soft__obfuscated.elf)
                0x00002f88                MPSL_IRQ_CLOCK_Handler
 .text          0x00002fec       0x24 C:/Work/NCS/v1.5.0/nrfxlib/mpsl/lib/cortex-m4/soft-float/libmpsl.a(libmpsl_debug_soft__obfuscated.elf)
 .text          0x00003010       0x34 C:/Work/NCS/v1.5.0/nrfxlib/mpsl/lib/cortex-m4/soft-float/libmpsl.a(libmpsl_debug_soft__obfuscated.elf)
 .text          0x00003044       0x54 C:/Work/NCS/v1.5.0/nrfxlib/mpsl/lib/cortex-m4/soft-float/libmpsl.a(libmpsl_debug_soft__obfuscated.elf)
 .text          0x00003098       0xc4 C:/Work/NCS/v1.5.0/nrfxlib/mpsl/lib/cortex-m4/soft-float/libmpsl.a(libmpsl_debug_soft__obfuscated.elf)
 .text          0x0000315c      0x18c C:/Work/NCS/v1.5.0/nrfxlib/mpsl/lib/cortex-m4/soft-float/libmpsl.a(libmpsl_debug_soft__obfuscated.elf)
 .text          0x000032e8       0x38 C:/Work/NCS/v1.5.0/nrfxlib/mpsl/lib/cortex-m4/soft-float/libmpsl.a(libmpsl_debug_soft__obfuscated.elf)
                0x000032e8                sym_AF5XKA2WT4DMFZTLKHOBWE7E2EZAMLDDFPQGGTQ
 .text          0x00003320       0x28 C:/Work/NCS/v1.5.0/nrfxlib/mpsl/lib/cortex-m4/soft-float/libmpsl.a(libmpsl_debug_soft__obfuscated.elf)
                0x00003320                sym_PEUB6CZG5CWXXD4M2S6OVBXZGDFOG4XII7USUDQ
 .text          0x00003348       0x1c C:/Work/NCS/v1.5.0/nrfxlib/mpsl/lib/cortex-m4/soft-float/libmpsl.a(libmpsl_debug_soft__obfuscated.elf)
                0x00003348                mpsl_clock_hfclk_release
 .text          0x00003364       0x38 C:/Work/NCS/v1.5.0/nrfxlib/mpsl/lib/cortex-m4/soft-float/libmpsl.a(libmpsl_debug_soft__obfuscated.elf)
                0x00003364                mpsl_clock_hfclk_request
 .text          0x0000339c       0x1c C:/Work/NCS/v1.5.0/nrfxlib/mpsl/lib/cortex-m4/soft-float/libmpsl.a(libmpsl_debug_soft__obfuscated.elf)
                0x0000339c                sym_MXEZOAVPP5LXUOZ6LJGDWJ57JEG5BZ5YB7LCG7Y
 .text          0x000033b8       0x38 C:/Work/NCS/v1.5.0/nrfxlib/mpsl/lib/cortex-m4/soft-float/libmpsl.a(libmpsl_debug_soft__obfuscated.elf)
                0x000033b8                sym_UZOVMIXHY2SDZSVAWFRK4RKQPHXNS37P2CLQ57A
 .text          0x000033f0       0xa4 C:/Work/NCS/v1.5.0/nrfxlib/mpsl/lib/cortex-m4/soft-float/libmpsl.a(libmpsl_debug_soft__obfuscated.elf)
                0x000033f0                sym_FYHKZOVAJN6VDDHY43FT7PF4YLRDHWRTEWHFG6I
 .text          0x00003494        0xc C:/Work/NCS/v1.5.0/nrfxlib/mpsl/lib/cortex-m4/soft-float/libmpsl.a(libmpsl_debug_soft__obfuscated.elf)
                0x00003494                sym_ETIE3PCEXQYLK2GIVZENQ6V7PLBRV57MB7BDMNY
 .text          0x000034a0       0x3c C:/Work/NCS/v1.5.0/nrfxlib/mpsl/lib/cortex-m4/soft-float/libmpsl.a(libmpsl_debug_soft__obfuscated.elf)
                0x000034a0                sym_UG7CMBAYEZEKSKQK753P4TBTSPUXVRWUS6QJJOA
 .text          0x000034dc       0x10 C:/Work/NCS/v1.5.0/nrfxlib/mpsl/lib/cortex-m4/soft-float/libmpsl.a(libmpsl_debug_soft__obfuscated.elf)
                0x000034dc                sym_4CZSFTTT34WDYFZKE2NSCSVSYLPHLZYN7QUTGHY
 .text          0x000034ec       0x74 C:/Work/NCS/v1.5.0/nrfxlib/mpsl/lib/cortex-m4/soft-float/libmpsl.a(libmpsl_debug_soft__obfuscated.elf)
                0x000034ec                sym_A4JUKJUCTJV55V2WD6TXU63VO5GAMB4XA4EE56Q
 .text          0x00003560       0x18 C:/Work/NCS/v1.5.0/nrfxlib/mpsl/lib/cortex-m4/soft-float/libmpsl.a(libmpsl_debug_soft__obfuscated.elf)
                0x00003560                sym_4PX37LW4KIUYQZ73JWLPH5GAGIRWAKTV3E6F62Q
 .text          0x00003578        0xc C:/Work/NCS/v1.5.0/nrfxlib/mpsl/lib/cortex-m4/soft-float/libmpsl.a(libmpsl_debug_soft__obfuscated.elf)
                0x00003578                sym_PIRI3CTIHOPR5MPDQRHBJRRZEA2NVOD4J3GXGOA
 .text          0x00003584       0x1c C:/Work/NCS/v1.5.0/nrfxlib/mpsl/lib/cortex-m4/soft-float/libmpsl.a(libmpsl_debug_soft__obfuscated.elf)
                0x00003584                sym_LIY23QT3GHIV7NCGJ6ZW6LB2ZUSI56CIFCL6HUY
 .text          0x000035a0       0x18 C:/Work/NCS/v1.5.0/nrfxlib/mpsl/lib/cortex-m4/soft-float/libmpsl.a(libmpsl_debug_soft__obfuscated.elf)
                0x000035a0                sym_XK3TMLCZALCYYWGULGHQIRSOBMPIIPJ7HEMOZIQ
 .text          0x000035b8       0x10 C:/Work/NCS/v1.5.0/nrfxlib/mpsl/lib/cortex-m4/soft-float/libmpsl.a(libmpsl_debug_soft__obfuscated.elf)
                0x000035b8                sym_7BUNPUBNWNFVXXIMNFFNK765OVON5LBIUZ66QRI
 .text          0x000035c8       0x30 C:/Work/NCS/v1.5.0/nrfxlib/mpsl/lib/cortex-m4/soft-float/libmpsl.a(libmpsl_debug_soft__obfuscated.elf)
 .text          0x000035f8       0x10 C:/Work/NCS/v1.5.0/nrfxlib/mpsl/lib/cortex-m4/soft-float/libmpsl.a(libmpsl_debug_soft__obfuscated.elf)
                0x000035f8                sym_4JLKMM32SOXCP6XBYAWZDUIMUJIYXLKKDBOFLHI
 .text          0x00003608       0x20 C:/Work/NCS/v1.5.0/nrfxlib/mpsl/lib/cortex-m4/soft-float/libmpsl.a(libmpsl_debug_soft__obfuscated.elf)
 .text          0x00003628       0x24 C:/Work/NCS/v1.5.0/nrfxlib/mpsl/lib/cortex-m4/soft-float/libmpsl.a(libmpsl_debug_soft__obfuscated.elf)
 .text          0x0000364c       0x48 C:/Work/NCS/v1.5.0/nrfxlib/mpsl/lib/cortex-m4/soft-float/libmpsl.a(libmpsl_debug_soft__obfuscated.elf)
                0x0000364c                sym_S2UAPMFVIQXDUOA6CV7GJMB33TYHEUH5D6LHO5Q
 .text          0x00003694       0x68 C:/Work/NCS/v1.5.0/nrfxlib/mpsl/lib/cortex-m4/soft-float/libmpsl.a(libmpsl_debug_soft__obfuscated.elf)
                0x00003694                mpsl_init
 .text          0x000036fc        0xc C:/Work/NCS/v1.5.0/nrfxlib/mpsl/lib/cortex-m4/soft-float/libmpsl.a(libmpsl_debug_soft__obfuscated.elf)
                0x000036fc                mpsl_is_initialized
 .text          0x00003708       0x24 C:/Work/NCS/v1.5.0/nrfxlib/mpsl/lib/cortex-m4/soft-float/libmpsl.a(libmpsl_debug_soft__obfuscated.elf)
                0x00003708                sym_XR32KBBIVYD5OVRJM2RBQ57EGCCM2C3F5IY6OHQ
 .text          0x0000372c       0x84 C:/Work/NCS/v1.5.0/nrfxlib/mpsl/lib/cortex-m4/soft-float/libmpsl.a(libmpsl_debug_soft__obfuscated.elf)
                0x0000372c                mpsl_temperature_get
 .text          0x000037b0       0x3c C:/Work/NCS/v1.5.0/nrfxlib/mpsl/lib/cortex-m4/soft-float/libmpsl.a(libmpsl_debug_soft__obfuscated.elf)
                0x000037b0                sym_W7ROFHNOSDKPIRUKDGIZZ5YR3MC3DAM2YLJOUIA
 .text          0x000037ec       0x38 C:/Work/NCS/v1.5.0/nrfxlib/mpsl/lib/cortex-m4/soft-float/libmpsl.a(libmpsl_debug_soft__obfuscated.elf)
                0x000037ec                sym_GURZ3AH6X65RGSKYMYNWZVP6HM56LA5MRAQWT6Q
 .text          0x00003824       0x48 C:/Work/NCS/v1.5.0/nrfxlib/mpsl/lib/cortex-m4/soft-float/libmpsl.a(libmpsl_debug_soft__obfuscated.elf)
                0x00003824                sym_VWGRUQT3LYZHLYS5KJ7UOCJEHLDJTWH4RVJBGKQ
 .text          0x0000386c       0x2c C:/Work/NCS/v1.5.0/nrfxlib/mpsl/lib/cortex-m4/soft-float/libmpsl.a(libmpsl_debug_soft__obfuscated.elf)
                0x0000386c                sym_4WL3TG4Q7RCTFEMPQ2CQTOL4PAKUULDPJUM5DTY
 .text          0x00003898       0x60 C:/Work/NCS/v1.5.0/nrfxlib/mpsl/lib/cortex-m4/soft-float/libmpsl.a(libmpsl_debug_soft__obfuscated.elf)
                0x00003898                sym_PAD7XREQQORPXRJMXMW2EYVS4S43S42A5D43SBA
 .text          0x000038f8       0x40 C:/Work/NCS/v1.5.0/nrfxlib/mpsl/lib/cortex-m4/soft-float/libmpsl.a(libmpsl_debug_soft__obfuscated.elf)
                0x000038f8                sym_DQONLUECJTIEYFOFJXXAPJO4POIAJKJNKBGVN5A
 .text          0x00003938       0x40 C:/Work/NCS/v1.5.0/nrfxlib/mpsl/lib/cortex-m4/soft-float/libmpsl.a(libmpsl_debug_soft__obfuscated.elf)
 .text          0x00003978       0x28 C:/Work/NCS/v1.5.0/nrfxlib/mpsl/lib/cortex-m4/soft-float/libmpsl.a(libmpsl_debug_soft__obfuscated.elf)
                0x00003978                sym_24DWUIEE2POS3GYSEVA4IAL4G7TGCCCJXT6D5AA
 .text          0x000039a0       0x58 C:/Work/NCS/v1.5.0/nrfxlib/mpsl/lib/cortex-m4/soft-float/libmpsl.a(libmpsl_debug_soft__obfuscated.elf)
                0x000039a0                sym_GNQQQFEWM5SWEGVB5JHP7HYAZGI4CDQXSGHR4SQ
 .text          0x000039f8       0x1c C:/Work/NCS/v1.5.0/nrfxlib/mpsl/lib/cortex-m4/soft-float/libmpsl.a(libmpsl_debug_soft__obfuscated.elf)
                0x000039f8                sym_65YCAVBDKPZHZGRZXNQZCLS62UDJXZDBEFWVSII
 .text          0x00003a14       0x2c C:/Work/NCS/v1.5.0/nrfxlib/mpsl/lib/cortex-m4/soft-float/libmpsl.a(libmpsl_debug_soft__obfuscated.elf)
                0x00003a14                sym_H2AKPOL4Q6GKGQJVBUBWLPO3RBNKXXQE2HSOELQ
 .text          0x00003a40       0x1c C:/Work/NCS/v1.5.0/nrfxlib/mpsl/lib/cortex-m4/soft-float/libmpsl.a(libmpsl_debug_soft__obfuscated.elf)
                0x00003a40                sym_UCUZCD3IIQBIFBTQEAMBH3ROVF42G3OC6HCQXWQ
 .text          0x00003a5c       0x6c C:/Work/NCS/v1.5.0/nrfxlib/softdevice_controller/lib/cortex-m4/soft-float/libsoftdevice_controller_multirole.a(libsoftdevice_controller_s140_debug_soft__obfuscated.elf)
 .text          0x00003ac8       0x1c C:/Work/NCS/v1.5.0/nrfxlib/softdevice_controller/lib/cortex-m4/soft-float/libsoftdevice_controller_multirole.a(libsoftdevice_controller_s140_debug_soft__obfuscated.elf)
                0x00003ac8                sdc_build_revision_get
 .text          0x00003ae4       0x58 C:/Work/NCS/v1.5.0/nrfxlib/softdevice_controller/lib/cortex-m4/soft-float/libsoftdevice_controller_multirole.a(libsoftdevice_controller_s140_debug_soft__obfuscated.elf)
                0x00003ae4                sdc_cfg_set
 .text          0x00003b3c       0x48 C:/Work/NCS/v1.5.0/nrfxlib/softdevice_controller/lib/cortex-m4/soft-float/libsoftdevice_controller_multirole.a(libsoftdevice_controller_s140_debug_soft__obfuscated.elf)
                0x00003b3c                sdc_enable
 .text          0x00003b84       0x8c C:/Work/NCS/v1.5.0/nrfxlib/softdevice_controller/lib/cortex-m4/soft-float/libsoftdevice_controller_multirole.a(libsoftdevice_controller_s140_debug_soft__obfuscated.elf)
                0x00003b84                sdc_init
 .text          0x00003c10       0x68 C:/Work/NCS/v1.5.0/nrfxlib/softdevice_controller/lib/cortex-m4/soft-float/libsoftdevice_controller_multirole.a(libsoftdevice_controller_s140_debug_soft__obfuscated.elf)
                0x00003c10                sym_476LRB5XNUARAHCHHC7ZAIGPFC5VZ4W2N4467LI
 .text          0x00003c78       0x1c C:/Work/NCS/v1.5.0/nrfxlib/softdevice_controller/lib/cortex-m4/soft-float/libsoftdevice_controller_multirole.a(libsoftdevice_controller_s140_debug_soft__obfuscated.elf)
                0x00003c78                sdc_support_adv
 .text          0x00003c94       0x1c C:/Work/NCS/v1.5.0/nrfxlib/softdevice_controller/lib/cortex-m4/soft-float/libsoftdevice_controller_multirole.a(libsoftdevice_controller_s140_debug_soft__obfuscated.elf)
                0x00003c94                sdc_support_dle
 .text          0x00003cb0       0x1c C:/Work/NCS/v1.5.0/nrfxlib/softdevice_controller/lib/cortex-m4/soft-float/libsoftdevice_controller_multirole.a(libsoftdevice_controller_s140_debug_soft__obfuscated.elf)
                0x00003cb0                sdc_support_le_2m_phy
 .text          0x00003ccc       0x1c C:/Work/NCS/v1.5.0/nrfxlib/softdevice_controller/lib/cortex-m4/soft-float/libsoftdevice_controller_multirole.a(libsoftdevice_controller_s140_debug_soft__obfuscated.elf)
                0x00003ccc                sdc_support_le_coded_phy
 .text          0x00003ce8       0x1c C:/Work/NCS/v1.5.0/nrfxlib/softdevice_controller/lib/cortex-m4/soft-float/libsoftdevice_controller_multirole.a(libsoftdevice_controller_s140_debug_soft__obfuscated.elf)
                0x00003ce8                sdc_support_slave
 .text          0x00003d04       0x46 C:/Work/NCS/v1.5.0/nrfxlib/softdevice_controller/lib/cortex-m4/soft-float/libsoftdevice_controller_multirole.a(libsoftdevice_controller_s140_debug_soft__obfuscated.elf)
 *fill*         0x00003d4a        0x2 
 .text          0x00003d4c       0x50 C:/Work/NCS/v1.5.0/nrfxlib/softdevice_controller/lib/cortex-m4/soft-float/libsoftdevice_controller_multirole.a(libsoftdevice_controller_s140_debug_soft__obfuscated.elf)
                0x00003d4c                sym_MEYOCD6AYGN6BYYH5M35H6GLLMHM6TYBBTCW2LI
 .text          0x00003d9c       0x94 C:/Work/NCS/v1.5.0/nrfxlib/softdevice_controller/lib/cortex-m4/soft-float/libsoftdevice_controller_multirole.a(libsoftdevice_controller_s140_debug_soft__obfuscated.elf)
                0x00003d9c                sym_DUIEI4YTK3TJQ2V3W7PLOGVTWVPNDBBG4WJWTAQ
 .text          0x00003e30       0x38 C:/Work/NCS/v1.5.0/nrfxlib/softdevice_controller/lib/cortex-m4/soft-float/libsoftdevice_controller_multirole.a(libsoftdevice_controller_s140_debug_soft__obfuscated.elf)
 .text          0x00003e68        0xc C:/Work/NCS/v1.5.0/nrfxlib/softdevice_controller/lib/cortex-m4/soft-float/libsoftdevice_controller_multirole.a(libsoftdevice_controller_s140_debug_soft__obfuscated.elf)
                0x00003e68                sym_Q4MVB6BAYYKAN3YZ2SZEJW6V5OITCIHY2IOHXKY
 .text          0x00003e74       0x5c C:/Work/NCS/v1.5.0/nrfxlib/softdevice_controller/lib/cortex-m4/soft-float/libsoftdevice_controller_multirole.a(libsoftdevice_controller_s140_debug_soft__obfuscated.elf)
 .text          0x00003ed0       0x38 C:/Work/NCS/v1.5.0/nrfxlib/softdevice_controller/lib/cortex-m4/soft-float/libsoftdevice_controller_multirole.a(libsoftdevice_controller_s140_debug_soft__obfuscated.elf)
                0x00003ed0                sym_Z7NJGBYWCKFTEHRYWAIDKWPEUN45273QSWUA5CY
 .text          0x00003f08       0x1c C:/Work/NCS/v1.5.0/nrfxlib/softdevice_controller/lib/cortex-m4/soft-float/libsoftdevice_controller_multirole.a(libsoftdevice_controller_s140_debug_soft__obfuscated.elf)
                0x00003f08                sym_CEENVC5DZRUT7MGF5LABXKT4NV7YUL5F6EX6TEQ
 .text          0x00003f24        0xc C:/Work/NCS/v1.5.0/nrfxlib/softdevice_controller/lib/cortex-m4/soft-float/libsoftdevice_controller_multirole.a(libsoftdevice_controller_s140_debug_soft__obfuscated.elf)
                0x00003f24                sym_PPT6FEOF2T6DRALMCRRTUI7CHLEPBAN25HYV3KQ
 .text          0x00003f30       0x1c C:/Work/NCS/v1.5.0/nrfxlib/softdevice_controller/lib/cortex-m4/soft-float/libsoftdevice_controller_multirole.a(libsoftdevice_controller_s140_debug_soft__obfuscated.elf)
                0x00003f30                sym_TU2SMBIUC7JL6C3K2XB6727DQLBLV5LEGIMZAFQ
 .text          0x00003f4c        0xc C:/Work/NCS/v1.5.0/nrfxlib/softdevice_controller/lib/cortex-m4/soft-float/libsoftdevice_controller_multirole.a(libsoftdevice_controller_s140_debug_soft__obfuscated.elf)
                0x00003f4c                sym_CIVMWIRGIOQ374UFFPIFNN4ZGKYK2FRKTT6YRYA
 .text          0x00003f58       0x1c C:/Work/NCS/v1.5.0/nrfxlib/softdevice_controller/lib/cortex-m4/soft-float/libsoftdevice_controller_multirole.a(libsoftdevice_controller_s140_debug_soft__obfuscated.elf)
                0x00003f58                sym_TG7NSIC2UKHCUBZWZ4K4EMD5QRI2QVSKVKV6CFQ
 .text          0x00003f74       0x24 C:/Work/NCS/v1.5.0/nrfxlib/softdevice_controller/lib/cortex-m4/soft-float/libsoftdevice_controller_multirole.a(libsoftdevice_controller_s140_debug_soft__obfuscated.elf)
                0x00003f74                sdc_hci_cmd_cb_reset
 .text          0x00003f98        0xc C:/Work/NCS/v1.5.0/nrfxlib/softdevice_controller/lib/cortex-m4/soft-float/libsoftdevice_controller_multirole.a(libsoftdevice_controller_s140_debug_soft__obfuscated.elf)
                0x00003f98                sym_G3KVRHCJDVHL7HV53526V3YI3DTK2IW2CADUWZQ
 .text          0x00003fa4       0x20 C:/Work/NCS/v1.5.0/nrfxlib/softdevice_controller/lib/cortex-m4/soft-float/libsoftdevice_controller_multirole.a(libsoftdevice_controller_s140_debug_soft__obfuscated.elf)
                0x00003fa4                sdc_hci_cmd_vs_zephyr_read_version_info
 .text          0x00003fc4       0x6c C:/Work/NCS/v1.5.0/nrfxlib/softdevice_controller/lib/cortex-m4/soft-float/libsoftdevice_controller_multirole.a(libsoftdevice_controller_s140_debug_soft__obfuscated.elf)
                0x00003fc4                sym_QSUAMFEDJMVCYQUJNPHGXEKEFULJEH46BNC5SLA
 .text          0x00004030       0x1c C:/Work/NCS/v1.5.0/nrfxlib/softdevice_controller/lib/cortex-m4/soft-float/libsoftdevice_controller_multirole.a(libsoftdevice_controller_s140_debug_soft__obfuscated.elf)
                0x00004030                sym_XHE47EZYHONCPR22HUAZULMCALDJINMYREOFDEI
 .text          0x0000404c       0x88 C:/Work/NCS/v1.5.0/nrfxlib/softdevice_controller/lib/cortex-m4/soft-float/libsoftdevice_controller_multirole.a(libsoftdevice_controller_s140_debug_soft__obfuscated.elf)
                0x0000404c                sym_EQ53CEL7EDVHMFMHMFPRRQU46C5YKKFEBAACFOA
 .text          0x000040d4       0x4c C:/Work/NCS/v1.5.0/nrfxlib/softdevice_controller/lib/cortex-m4/soft-float/libsoftdevice_controller_multirole.a(libsoftdevice_controller_s140_debug_soft__obfuscated.elf)
                0x000040d4                sym_6I4XEOIW7LI2E3Z53L54ZHQQHYICXR4H4JQWXLA
 .text          0x00004120       0x64 C:/Work/NCS/v1.5.0/nrfxlib/softdevice_controller/lib/cortex-m4/soft-float/libsoftdevice_controller_multirole.a(libsoftdevice_controller_s140_debug_soft__obfuscated.elf)
                0x00004120                sym_4AWF7EXI3MMHUULTY73E756U3IY5DEXOZ265MZY
 .text          0x00004184       0x10 C:/Work/NCS/v1.5.0/nrfxlib/softdevice_controller/lib/cortex-m4/soft-float/libsoftdevice_controller_multirole.a(libsoftdevice_controller_s140_debug_soft__obfuscated.elf)
 .text          0x00004194       0x6c C:/Work/NCS/v1.5.0/nrfxlib/softdevice_controller/lib/cortex-m4/soft-float/libsoftdevice_controller_multirole.a(libsoftdevice_controller_s140_debug_soft__obfuscated.elf)
 .text          0x00004200       0x20 C:/Work/NCS/v1.5.0/nrfxlib/softdevice_controller/lib/cortex-m4/soft-float/libsoftdevice_controller_multirole.a(libsoftdevice_controller_s140_debug_soft__obfuscated.elf)
 .text          0x00004220       0x64 C:/Work/NCS/v1.5.0/nrfxlib/softdevice_controller/lib/cortex-m4/soft-float/libsoftdevice_controller_multirole.a(libsoftdevice_controller_s140_debug_soft__obfuscated.elf)
 .text          0x00004284       0x14 C:/Work/NCS/v1.5.0/nrfxlib/softdevice_controller/lib/cortex-m4/soft-float/libsoftdevice_controller_multirole.a(libsoftdevice_controller_s140_debug_soft__obfuscated.elf)
 .text          0x00004298       0x14 C:/Work/NCS/v1.5.0/nrfxlib/softdevice_controller/lib/cortex-m4/soft-float/libsoftdevice_controller_multirole.a(libsoftdevice_controller_s140_debug_soft__obfuscated.elf)
 .text          0x000042ac       0xa4 C:/Work/NCS/v1.5.0/nrfxlib/softdevice_controller/lib/cortex-m4/soft-float/libsoftdevice_controller_multirole.a(libsoftdevice_controller_s140_debug_soft__obfuscated.elf)
                0x000042ac                sym_24NU2MJKHN4R2Z7HXHMPDWTTDYSB32VL6HEQPZA
 .text          0x00004350       0x58 C:/Work/NCS/v1.5.0/nrfxlib/softdevice_controller/lib/cortex-m4/soft-float/libsoftdevice_controller_multirole.a(libsoftdevice_controller_s140_debug_soft__obfuscated.elf)
                0x00004350                sym_3QFBRH4ZSIA64QP2I3K547Y5WIALGQTCBP5Y5SQ
 .text          0x000043a8       0x68 C:/Work/NCS/v1.5.0/nrfxlib/softdevice_controller/lib/cortex-m4/soft-float/libsoftdevice_controller_multirole.a(libsoftdevice_controller_s140_debug_soft__obfuscated.elf)
                0x000043a8                sym_6DYG6C6ROXZA67GZINNB2XIQHL3KE2RCKK4QFXA
 .text          0x00004410       0x28 C:/Work/NCS/v1.5.0/nrfxlib/softdevice_controller/lib/cortex-m4/soft-float/libsoftdevice_controller_multirole.a(libsoftdevice_controller_s140_debug_soft__obfuscated.elf)
                0x00004410                sym_NOQRMQ5IH6SQFJEPI5A3UBMITO54HG4WO4DTTXA
 .text          0x00004438       0x2c C:/Work/NCS/v1.5.0/nrfxlib/softdevice_controller/lib/cortex-m4/soft-float/libsoftdevice_controller_multirole.a(libsoftdevice_controller_s140_debug_soft__obfuscated.elf)
                0x00004438                sym_YNBBHT54WKEGUNVC6TSBMRGLF67VFWBOYEMKGTQ
 .text          0x00004464       0x30 C:/Work/NCS/v1.5.0/nrfxlib/softdevice_controller/lib/cortex-m4/soft-float/libsoftdevice_controller_multirole.a(libsoftdevice_controller_s140_debug_soft__obfuscated.elf)
                0x00004464                sym_35ZAQW4ABRMBYES2ZHPK63BHZAFFFC4WMGEJ6NA
 .text          0x00004494       0x30 C:/Work/NCS/v1.5.0/nrfxlib/softdevice_controller/lib/cortex-m4/soft-float/libsoftdevice_controller_multirole.a(libsoftdevice_controller_s140_debug_soft__obfuscated.elf)
 .text          0x000044c4       0x5c C:/Work/NCS/v1.5.0/nrfxlib/softdevice_controller/lib/cortex-m4/soft-float/libsoftdevice_controller_multirole.a(libsoftdevice_controller_s140_debug_soft__obfuscated.elf)
 .text          0x00004520       0x8c C:/Work/NCS/v1.5.0/nrfxlib/softdevice_controller/lib/cortex-m4/soft-float/libsoftdevice_controller_multirole.a(libsoftdevice_controller_s140_debug_soft__obfuscated.elf)
 .text          0x000045ac       0x34 C:/Work/NCS/v1.5.0/nrfxlib/softdevice_controller/lib/cortex-m4/soft-float/libsoftdevice_controller_multirole.a(libsoftdevice_controller_s140_debug_soft__obfuscated.elf)
                0x000045ac                sym_E5WZNPP2DINHF6K4PHXLYLX5AXTYBQYGQESRSGQ
 .text          0x000045e0       0xd4 C:/Work/NCS/v1.5.0/nrfxlib/softdevice_controller/lib/cortex-m4/soft-float/libsoftdevice_controller_multirole.a(libsoftdevice_controller_s140_debug_soft__obfuscated.elf)
                0x000045e0                sym_2ZCOT6ZEUU54S36NE627GOZVLBS26AFIUJKNLBI
 .text          0x000046b4       0x28 C:/Work/NCS/v1.5.0/nrfxlib/softdevice_controller/lib/cortex-m4/soft-float/libsoftdevice_controller_multirole.a(libsoftdevice_controller_s140_debug_soft__obfuscated.elf)
                0x000046b4                sym_RZ4KEX57U2ASIFFSRQDHBCB7WVJNTOCZSYKJFSA
 .text          0x000046dc       0x4c C:/Work/NCS/v1.5.0/nrfxlib/softdevice_controller/lib/cortex-m4/soft-float/libsoftdevice_controller_multirole.a(libsoftdevice_controller_s140_debug_soft__obfuscated.elf)
                0x000046dc                sym_YRXVGCYVFXOSIQO43AC5UEELHEXP2A4UAFUQRPI
 .text          0x00004728       0x10 C:/Work/NCS/v1.5.0/nrfxlib/softdevice_controller/lib/cortex-m4/soft-float/libsoftdevice_controller_multirole.a(libsoftdevice_controller_s140_debug_soft__obfuscated.elf)
                0x00004728                sym_7YLXP6BHTAWWWMXLB5XOZU3Q27WEPTH5PONOKOI
 .text          0x00004738       0x28 C:/Work/NCS/v1.5.0/nrfxlib/softdevice_controller/lib/cortex-m4/soft-float/libsoftdevice_controller_multirole.a(libsoftdevice_controller_s140_debug_soft__obfuscated.elf)
                0x00004738                sym_QFSP7NEBRUPCXI7KU3RYDOWD7SSPVNXVSULPYYY
 .text          0x00004760        0xc C:/Work/NCS/v1.5.0/nrfxlib/softdevice_controller/lib/cortex-m4/soft-float/libsoftdevice_controller_multirole.a(libsoftdevice_controller_s140_debug_soft__obfuscated.elf)
                0x00004760                sym_O2AFZAWKVBYRIBDK67CHKRSMY4WR2S6V2VOPETI
 .text          0x0000476c       0x24 C:/Work/NCS/v1.5.0/nrfxlib/softdevice_controller/lib/cortex-m4/soft-float/libsoftdevice_controller_multirole.a(libsoftdevice_controller_s140_debug_soft__obfuscated.elf)
                0x0000476c                sym_44PAL7VRDLM7JAHHE46SH64ZILJVRWB7LYZHG4I
 .text          0x00004790        0xc C:/Work/NCS/v1.5.0/nrfxlib/softdevice_controller/lib/cortex-m4/soft-float/libsoftdevice_controller_multirole.a(libsoftdevice_controller_s140_debug_soft__obfuscated.elf)
                0x00004790                sym_ZXM7KZCJVXF5JQS53RSDXIJ4HMUIELSZ3E43YFQ
 .text          0x0000479c       0x20 C:/Work/NCS/v1.5.0/nrfxlib/softdevice_controller/lib/cortex-m4/soft-float/libsoftdevice_controller_multirole.a(libsoftdevice_controller_s140_debug_soft__obfuscated.elf)
                0x0000479c                sym_G37M6IIXFP43ACRKNNFX4CIGVJGGHQJ62ZJ5TTI
 .text          0x000047bc       0x30 C:/Work/NCS/v1.5.0/nrfxlib/softdevice_controller/lib/cortex-m4/soft-float/libsoftdevice_controller_multirole.a(libsoftdevice_controller_s140_debug_soft__obfuscated.elf)
                0x000047bc                sym_EYIHOGBWBCMB5KSAAVLK6V2XC2PNYI4CUGUZRMY
 .text          0x000047ec       0x24 C:/Work/NCS/v1.5.0/nrfxlib/softdevice_controller/lib/cortex-m4/soft-float/libsoftdevice_controller_multirole.a(libsoftdevice_controller_s140_debug_soft__obfuscated.elf)
                0x000047ec                sym_VOWAB7CX7QR3QZO4BOMEFRG3OQVIEDUOTXDSIZQ
 .text          0x00004810       0x1c C:/Work/NCS/v1.5.0/nrfxlib/softdevice_controller/lib/cortex-m4/soft-float/libsoftdevice_controller_multirole.a(libsoftdevice_controller_s140_debug_soft__obfuscated.elf)
 .text          0x0000482c       0x4a C:/Work/NCS/v1.5.0/nrfxlib/softdevice_controller/lib/cortex-m4/soft-float/libsoftdevice_controller_multirole.a(libsoftdevice_controller_s140_debug_soft__obfuscated.elf)
 *fill*         0x00004876        0x2 
 .text          0x00004878       0x44 C:/Work/NCS/v1.5.0/nrfxlib/softdevice_controller/lib/cortex-m4/soft-float/libsoftdevice_controller_multirole.a(libsoftdevice_controller_s140_debug_soft__obfuscated.elf)
                0x00004878                sym_4SVQMPT754VXN2AWYY6JE7KITHSHSLYTNUBSWZA
 .text          0x000048bc       0x10 C:/Work/NCS/v1.5.0/nrfxlib/softdevice_controller/lib/cortex-m4/soft-float/libsoftdevice_controller_multirole.a(libsoftdevice_controller_s140_debug_soft__obfuscated.elf)
                0x000048bc                sym_P6K4PWFIUTLB5PEOIIMIJKUC3RGJ5ERWNYQK34Y
 .text          0x000048cc        0xc C:/Work/NCS/v1.5.0/nrfxlib/softdevice_controller/lib/cortex-m4/soft-float/libsoftdevice_controller_multirole.a(libsoftdevice_controller_s140_debug_soft__obfuscated.elf)
                0x000048cc                sym_D6WSZJGHBVSNS7ZN6DCIU7W37KOBRFZ3D7V2IKQ
 .text          0x000048d8       0x18 C:/Work/NCS/v1.5.0/nrfxlib/softdevice_controller/lib/cortex-m4/soft-float/libsoftdevice_controller_multirole.a(libsoftdevice_controller_s140_debug_soft__obfuscated.elf)
                0x000048d8                sym_5J64OSX6B5PYXNSLHXY64ZK4MCPU4BDFR5B2EQI
 .text          0x000048f0       0x54 C:/Work/NCS/v1.5.0/nrfxlib/softdevice_controller/lib/cortex-m4/soft-float/libsoftdevice_controller_multirole.a(libsoftdevice_controller_s140_debug_soft__obfuscated.elf)
                0x000048f0                sym_MCAMJAIBJDD4JPS3OAKE3HA4IEMPLSTZ46SLXYY
 .text          0x00004944       0x8c C:/Work/NCS/v1.5.0/nrfxlib/softdevice_controller/lib/cortex-m4/soft-float/libsoftdevice_controller_multirole.a(libsoftdevice_controller_s140_debug_soft__obfuscated.elf)
                0x00004944                sym_UW7UHI7YXZEM7ILBVUNOPL56EYZPKQPCGAGT25Y
 .text          0x000049d0       0x1c C:/Work/NCS/v1.5.0/nrfxlib/softdevice_controller/lib/cortex-m4/soft-float/libsoftdevice_controller_multirole.a(libsoftdevice_controller_s140_debug_soft__obfuscated.elf)
                0x000049d0                sym_REO6MG4FRJTNQQ56RDJDYGEWFEO5TFVYGRW6OLI
 .text          0x000049ec       0x24 C:/Work/NCS/v1.5.0/nrfxlib/softdevice_controller/lib/cortex-m4/soft-float/libsoftdevice_controller_multirole.a(libsoftdevice_controller_s140_debug_soft__obfuscated.elf)
                0x000049ec                sym_V7MOOXL5SOLISKFFGWJC7M3XDITU574WBQOXGWY
 .text          0x00004a10        0xc C:/Work/NCS/v1.5.0/nrfxlib/softdevice_controller/lib/cortex-m4/soft-float/libsoftdevice_controller_multirole.a(libsoftdevice_controller_s140_debug_soft__obfuscated.elf)
                0x00004a10                sym_IXGTNRGKILIZPWG2NJIZ2ALUPW2IM3XFVCGJW2I
 .text          0x00004a1c       0x2c C:/Work/NCS/v1.5.0/nrfxlib/softdevice_controller/lib/cortex-m4/soft-float/libsoftdevice_controller_multirole.a(libsoftdevice_controller_s140_debug_soft__obfuscated.elf)
                0x00004a1c                sym_54CHYGRI3UHSVLN5ZOGJESXNRISJW5CS4IYBN7Y
 .text          0x00004a48       0x28 C:/Work/NCS/v1.5.0/nrfxlib/softdevice_controller/lib/cortex-m4/soft-float/libsoftdevice_controller_multirole.a(libsoftdevice_controller_s140_debug_soft__obfuscated.elf)
                0x00004a48                sym_AGWGY6I3YKHHV6TMAWL24HN4IKGOB7PZYXPWBRA
 .text          0x00004a70       0x28 C:/Work/NCS/v1.5.0/nrfxlib/softdevice_controller/lib/cortex-m4/soft-float/libsoftdevice_controller_multirole.a(libsoftdevice_controller_s140_debug_soft__obfuscated.elf)
                0x00004a70                sym_JHXS4T25BAYOMDDZMWPX3HMPENRV73GSV2RYHAI
 .text          0x00004a98       0x2c C:/Work/NCS/v1.5.0/nrfxlib/softdevice_controller/lib/cortex-m4/soft-float/libsoftdevice_controller_multirole.a(libsoftdevice_controller_s140_debug_soft__obfuscated.elf)
                0x00004a98                sym_65LA7GM3MU7DDFQKTB75BYTZMPMROSWKS3VXCNI
 .text          0x00004ac4        0xc C:/Work/NCS/v1.5.0/nrfxlib/softdevice_controller/lib/cortex-m4/soft-float/libsoftdevice_controller_multirole.a(libsoftdevice_controller_s140_debug_soft__obfuscated.elf)
                0x00004ac4                sym_NKFCLZ5HTE6KVHDV5DGZ6TJP4KSZI43SYBECPRY
 .text          0x00004ad0       0x20 C:/Work/NCS/v1.5.0/nrfxlib/softdevice_controller/lib/cortex-m4/soft-float/libsoftdevice_controller_multirole.a(libsoftdevice_controller_s140_debug_soft__obfuscated.elf)
                0x00004ad0                sym_QXKT3PVMDTZRAAU2QNTWO5VOUEZ4NW6TWISREXY
 .text          0x00004af0       0x20 C:/Work/NCS/v1.5.0/nrfxlib/softdevice_controller/lib/cortex-m4/soft-float/libsoftdevice_controller_multirole.a(libsoftdevice_controller_s140_debug_soft__obfuscated.elf)
                0x00004af0                sym_MJCF2WRL4I323V23HKVENOJWV5IXH54R5X6LJRY
 .text          0x00004b10       0x3c C:/Work/NCS/v1.5.0/nrfxlib/softdevice_controller/lib/cortex-m4/soft-float/libsoftdevice_controller_multirole.a(libsoftdevice_controller_s140_debug_soft__obfuscated.elf)
                0x00004b10                sym_Z47IXNZNEDTOWLB6B34VWMDNCXIIZJKTXKEH4NA
 .text          0x00004b4c       0x24 C:/Work/NCS/v1.5.0/nrfxlib/softdevice_controller/lib/cortex-m4/soft-float/libsoftdevice_controller_multirole.a(libsoftdevice_controller_s140_debug_soft__obfuscated.elf)
                0x00004b4c                sym_OEEB4IPB4NLF7OND2A5BJPKCV3QQLIZIALUAOAI
 .text          0x00004b70       0x38 C:/Work/NCS/v1.5.0/nrfxlib/softdevice_controller/lib/cortex-m4/soft-float/libsoftdevice_controller_multirole.a(libsoftdevice_controller_s140_debug_soft__obfuscated.elf)
                0x00004b70                sym_WCOWXKSKBH7DOKKKINFZAPWXKW4NYAUCJWTUKBI
 .text          0x00004ba8        0xc C:/Work/NCS/v1.5.0/nrfxlib/softdevice_controller/lib/cortex-m4/soft-float/libsoftdevice_controller_multirole.a(libsoftdevice_controller_s140_debug_soft__obfuscated.elf)
                0x00004ba8                sym_BGPX36PUCNVPV3544HQ5RQFY5WG7CJAFVVBI7AY
 .text          0x00004bb4       0x30 C:/Work/NCS/v1.5.0/nrfxlib/softdevice_controller/lib/cortex-m4/soft-float/libsoftdevice_controller_multirole.a(libsoftdevice_controller_s140_debug_soft__obfuscated.elf)
                0x00004bb4                sym_QKSVBALUN2V4XT4OCC56LE75IAYLDFRRIVLBZ2Q
 .text          0x00004be4       0x20 C:/Work/NCS/v1.5.0/nrfxlib/softdevice_controller/lib/cortex-m4/soft-float/libsoftdevice_controller_multirole.a(libsoftdevice_controller_s140_debug_soft__obfuscated.elf)
                0x00004be4                sym_AO3U45UEGFLUPMT565ZR5UWUQUONF5AKILLCT3A
 .text          0x00004c04        0xc C:/Work/NCS/v1.5.0/nrfxlib/softdevice_controller/lib/cortex-m4/soft-float/libsoftdevice_controller_multirole.a(libsoftdevice_controller_s140_debug_soft__obfuscated.elf)
                0x00004c04                sym_ZULXSERCAZOVB2ZZ7BC6764V73TJQV72ZPWILSQ
 .text          0x00004c10        0xc C:/Work/NCS/v1.5.0/nrfxlib/softdevice_controller/lib/cortex-m4/soft-float/libsoftdevice_controller_multirole.a(libsoftdevice_controller_s140_debug_soft__obfuscated.elf)
                0x00004c10                sym_4UMPVHCMNEM5ENBBHCLGXZREGEKKHKHZOKNMH2I
 .text          0x00004c1c        0xc C:/Work/NCS/v1.5.0/nrfxlib/softdevice_controller/lib/cortex-m4/soft-float/libsoftdevice_controller_multirole.a(libsoftdevice_controller_s140_debug_soft__obfuscated.elf)
                0x00004c1c                sym_IHWHOAENEU2EYZP2UWQTUC6SSXGS5NNQSIFSEAQ
 .text          0x00004c28        0xc C:/Work/NCS/v1.5.0/nrfxlib/softdevice_controller/lib/cortex-m4/soft-float/libsoftdevice_controller_multirole.a(libsoftdevice_controller_s140_debug_soft__obfuscated.elf)
                0x00004c28                sym_Q3RLGT2MQM6S4H2ODVJHPDU44HGSYVXJV7676ZY
 .text          0x00004c34       0x4c C:/Work/NCS/v1.5.0/nrfxlib/softdevice_controller/lib/cortex-m4/soft-float/libsoftdevice_controller_multirole.a(libsoftdevice_controller_s140_debug_soft__obfuscated.elf)
                0x00004c34                sym_Y7AVZMA56ZL7YUO4EH7QCTNH6P3ZXX2D4F33L2I
 .text          0x00004c80       0x34 C:/Work/NCS/v1.5.0/nrfxlib/softdevice_controller/lib/cortex-m4/soft-float/libsoftdevice_controller_multirole.a(libsoftdevice_controller_s140_debug_soft__obfuscated.elf)
                0x00004c80                sym_ULQ236TSMK6UJATLJCXSX5JBKSVB4ZM2NNU74PA
 .text          0x00004cb4        0xc C:/Work/NCS/v1.5.0/nrfxlib/softdevice_controller/lib/cortex-m4/soft-float/libsoftdevice_controller_multirole.a(libsoftdevice_controller_s140_debug_soft__obfuscated.elf)
                0x00004cb4                sym_4OWM6DBJ6JLAWH2MVU52MKC56VOOJLN34T33LQA
 .text          0x00004cc0      0x230 C:/Work/NCS/v1.5.0/nrfxlib/softdevice_controller/lib/cortex-m4/soft-float/libsoftdevice_controller_multirole.a(libsoftdevice_controller_s140_debug_soft__obfuscated.elf)
                0x00004cc0                sym_SQINY6V2VHFAHM5HL3H753H3QE3VQ7FWHCIJ57Q
 .text          0x00004ef0      0x12c C:/Work/NCS/v1.5.0/nrfxlib/softdevice_controller/lib/cortex-m4/soft-float/libsoftdevice_controller_multirole.a(libsoftdevice_controller_s140_debug_soft__obfuscated.elf)
                0x00004ef0                sym_P6ESEOOF3E3ZRYNBCJWJZXMT4EPJJMHF472YBMQ
 .text          0x0000501c       0x1c C:/Work/NCS/v1.5.0/nrfxlib/softdevice_controller/lib/cortex-m4/soft-float/libsoftdevice_controller_multirole.a(libsoftdevice_controller_s140_debug_soft__obfuscated.elf)
                0x0000501c                sym_CZFK26FRDZ53FUV75DOIMFWVD4RTHYB6I22U4LA
 .text          0x00005038       0x68 C:/Work/NCS/v1.5.0/nrfxlib/softdevice_controller/lib/cortex-m4/soft-float/libsoftdevice_controller_multirole.a(libsoftdevice_controller_s140_debug_soft__obfuscated.elf)
                0x00005038                sym_WCN6C6ROB2XGQKTGXN5OMY5TLRX5IYOWNO7A6PQ
 .text          0x000050a0       0xa8 C:/Work/NCS/v1.5.0/nrfxlib/softdevice_controller/lib/cortex-m4/soft-float/libsoftdevice_controller_multirole.a(libsoftdevice_controller_s140_debug_soft__obfuscated.elf)
 .text          0x00005148      0x2b4 C:/Work/NCS/v1.5.0/nrfxlib/softdevice_controller/lib/cortex-m4/soft-float/libsoftdevice_controller_multirole.a(libsoftdevice_controller_s140_debug_soft__obfuscated.elf)
 .text          0x000053fc       0xa4 C:/Work/NCS/v1.5.0/nrfxlib/softdevice_controller/lib/cortex-m4/soft-float/libsoftdevice_controller_multirole.a(libsoftdevice_controller_s140_debug_soft__obfuscated.elf)
 .text          0x000054a0       0x64 C:/Work/NCS/v1.5.0/nrfxlib/softdevice_controller/lib/cortex-m4/soft-float/libsoftdevice_controller_multirole.a(libsoftdevice_controller_s140_debug_soft__obfuscated.elf)
 .text          0x00005504       0x2c C:/Work/NCS/v1.5.0/nrfxlib/softdevice_controller/lib/cortex-m4/soft-float/libsoftdevice_controller_multirole.a(libsoftdevice_controller_s140_debug_soft__obfuscated.elf)
 .text          0x00005530       0x14 C:/Work/NCS/v1.5.0/nrfxlib/softdevice_controller/lib/cortex-m4/soft-float/libsoftdevice_controller_multirole.a(libsoftdevice_controller_s140_debug_soft__obfuscated.elf)
 .text          0x00005544      0x134 C:/Work/NCS/v1.5.0/nrfxlib/softdevice_controller/lib/cortex-m4/soft-float/libsoftdevice_controller_multirole.a(libsoftdevice_controller_s140_debug_soft__obfuscated.elf)
 .text          0x00005678      0x354 C:/Work/NCS/v1.5.0/nrfxlib/softdevice_controller/lib/cortex-m4/soft-float/libsoftdevice_controller_multirole.a(libsoftdevice_controller_s140_debug_soft__obfuscated.elf)
 .text          0x000059cc       0x14 C:/Work/NCS/v1.5.0/nrfxlib/softdevice_controller/lib/cortex-m4/soft-float/libsoftdevice_controller_multirole.a(libsoftdevice_controller_s140_debug_soft__obfuscated.elf)
 .text          0x000059e0       0x28 C:/Work/NCS/v1.5.0/nrfxlib/softdevice_controller/lib/cortex-m4/soft-float/libsoftdevice_controller_multirole.a(libsoftdevice_controller_s140_debug_soft__obfuscated.elf)
                0x000059e0                sym_2X6ZBBHQKFJV27I6OQZLD4IRAL5JANEGA5N34WA
 .text          0x00005a08        0x8 C:/Work/NCS/v1.5.0/nrfxlib/softdevice_controller/lib/cortex-m4/soft-float/libsoftdevice_controller_multirole.a(libsoftdevice_controller_s140_debug_soft__obfuscated.elf)
                0x00005a08                sym_3Q2UQ65DVTXA3EZPN34QXGGEFSEA6HOSHLFXCMI
 .text          0x00005a10       0x18 C:/Work/NCS/v1.5.0/nrfxlib/softdevice_controller/lib/cortex-m4/soft-float/libsoftdevice_controller_multirole.a(libsoftdevice_controller_s140_debug_soft__obfuscated.elf)
                0x00005a10                sym_BAUTABQSJLBAZ6GNH7KOF4MJMAA6NF7CDAZNOEQ
 .text          0x00005a28       0x18 C:/Work/NCS/v1.5.0/nrfxlib/softdevice_controller/lib/cortex-m4/soft-float/libsoftdevice_controller_multirole.a(libsoftdevice_controller_s140_debug_soft__obfuscated.elf)
                0x00005a28                sym_F2LWAH27IT4H2IA7TZWGNABUCWINGT6MWXH2WIA
 .text          0x00005a40       0x1c C:/Work/NCS/v1.5.0/nrfxlib/softdevice_controller/lib/cortex-m4/soft-float/libsoftdevice_controller_multirole.a(libsoftdevice_controller_s140_debug_soft__obfuscated.elf)
                0x00005a40                sym_GV7ZEDU63KACGR6K3NXW7W7XARTADNTCQ3P2HLA
 .text          0x00005a5c       0x88 C:/Work/NCS/v1.5.0/nrfxlib/softdevice_controller/lib/cortex-m4/soft-float/libsoftdevice_controller_multirole.a(libsoftdevice_controller_s140_debug_soft__obfuscated.elf)
                0x00005a5c                sym_3DXBFDJKO3IQEXOOHBMVXVTLDDG5FSS3TKAZNFY
 .text          0x00005ae4       0x18 C:/Work/NCS/v1.5.0/nrfxlib/softdevice_controller/lib/cortex-m4/soft-float/libsoftdevice_controller_multirole.a(libsoftdevice_controller_s140_debug_soft__obfuscated.elf)
                0x00005ae4                sym_PLOW4TMGVQT52FP2ERNRL6S5EELE2YO563WRPJA
 .text          0x00005afc       0x34 C:/Work/NCS/v1.5.0/nrfxlib/softdevice_controller/lib/cortex-m4/soft-float/libsoftdevice_controller_multirole.a(libsoftdevice_controller_s140_debug_soft__obfuscated.elf)
                0x00005afc                sym_62DUXM4M5AM4URNPP7IKDX3NCPAODBT4BMADGAY
 .text          0x00005b30        0xc C:/Work/NCS/v1.5.0/nrfxlib/softdevice_controller/lib/cortex-m4/soft-float/libsoftdevice_controller_multirole.a(libsoftdevice_controller_s140_debug_soft__obfuscated.elf)
                0x00005b30                sym_R5RFYNEZN3LQHKUKJDN3JLSNHLY4DPKXW3KZMYA
 .text          0x00005b3c        0xc C:/Work/NCS/v1.5.0/nrfxlib/softdevice_controller/lib/cortex-m4/soft-float/libsoftdevice_controller_multirole.a(libsoftdevice_controller_s140_debug_soft__obfuscated.elf)
                0x00005b3c                sym_WHSZ4VQHSDNZTVWJWAYGMNU7AWSUZKLKTBUNDPY
 .text          0x00005b48       0x34 C:/Work/NCS/v1.5.0/nrfxlib/softdevice_controller/lib/cortex-m4/soft-float/libsoftdevice_controller_multirole.a(libsoftdevice_controller_s140_debug_soft__obfuscated.elf)
                0x00005b48                sym_YAOI5BW7G2C6EUUY2B4S7A3CWX63A6MP2T3O5KA
 .text          0x00005b7c       0x24 C:/Work/NCS/v1.5.0/nrfxlib/softdevice_controller/lib/cortex-m4/soft-float/libsoftdevice_controller_multirole.a(libsoftdevice_controller_s140_debug_soft__obfuscated.elf)
                0x00005b7c                sym_IJTA37LCLZMYZVQ3I74HRUK4JDZEZR23VU3JFJI
 .text          0x00005ba0       0x3c C:/Work/NCS/v1.5.0/nrfxlib/softdevice_controller/lib/cortex-m4/soft-float/libsoftdevice_controller_multirole.a(libsoftdevice_controller_s140_debug_soft__obfuscated.elf)
                0x00005ba0                sym_QW6JOH7RCJIC2YFNJEURX5QNB5EIQT646EHIWEA
 .text          0x00005bdc       0xcc C:/Work/NCS/v1.5.0/nrfxlib/softdevice_controller/lib/cortex-m4/soft-float/libsoftdevice_controller_multirole.a(libsoftdevice_controller_s140_debug_soft__obfuscated.elf)
                0x00005bdc                sym_Z3745JZ5MC4MMBP2LFCOSP7OKPPVFDOPIURJWVQ
 .text          0x00005ca8      0x13c C:/Work/NCS/v1.5.0/nrfxlib/softdevice_controller/lib/cortex-m4/soft-float/libsoftdevice_controller_multirole.a(libsoftdevice_controller_s140_debug_soft__obfuscated.elf)
                0x00005ca8                sym_FLX2PIIVHO3CLB5CJ7E7YSNFE2YWATNH27BL53A
 .text          0x00005de4       0x40 C:/Work/NCS/v1.5.0/nrfxlib/softdevice_controller/lib/cortex-m4/soft-float/libsoftdevice_controller_multirole.a(libsoftdevice_controller_s140_debug_soft__obfuscated.elf)
                0x00005de4                sym_G6YVAU2J75AOT237PVQAC5AEQMWPZ6OKE6ASZAI
 .text          0x00005e24        0xc C:/Work/NCS/v1.5.0/nrfxlib/softdevice_controller/lib/cortex-m4/soft-float/libsoftdevice_controller_multirole.a(libsoftdevice_controller_s140_debug_soft__obfuscated.elf)
                0x00005e24                sym_RHRHCWPUPZHCOID576WBS7QZ2KAUT2GASS2T3QY
 .text          0x00005e30       0x1c C:/Work/NCS/v1.5.0/nrfxlib/softdevice_controller/lib/cortex-m4/soft-float/libsoftdevice_controller_multirole.a(libsoftdevice_controller_s140_debug_soft__obfuscated.elf)
                0x00005e30                sym_62B4NCI2CQZLPPINCQVCHO6SYLZVDAWVVCHWS3I
 .text          0x00005e4c       0x20 C:/Work/NCS/v1.5.0/nrfxlib/softdevice_controller/lib/cortex-m4/soft-float/libsoftdevice_controller_multirole.a(libsoftdevice_controller_s140_debug_soft__obfuscated.elf)
                0x00005e4c                sym_QEQGMTIGG3AOZQY7JM4T2FY2O3KM2UFUMT6Q7PI
 .text          0x00005e6c       0x78 C:/Work/NCS/v1.5.0/nrfxlib/softdevice_controller/lib/cortex-m4/soft-float/libsoftdevice_controller_multirole.a(libsoftdevice_controller_s140_debug_soft__obfuscated.elf)
                0x00005e6c                sym_GHVM34OXBYILMDKR3F5DVNCQCBMJUJL5PW2RQYQ
 .text          0x00005ee4        0xc C:/Work/NCS/v1.5.0/nrfxlib/softdevice_controller/lib/cortex-m4/soft-float/libsoftdevice_controller_multirole.a(libsoftdevice_controller_s140_debug_soft__obfuscated.elf)
                0x00005ee4                sym_JQOBED6Y6P46KNYF2UD53QPDVNRPPOKMQL6EEBY
 .text          0x00005ef0       0xb8 C:/Work/NCS/v1.5.0/nrfxlib/softdevice_controller/lib/cortex-m4/soft-float/libsoftdevice_controller_multirole.a(libsoftdevice_controller_s140_debug_soft__obfuscated.elf)
                0x00005ef0                sym_KO3VCNGABVWM4325342CFFPZBSXFKFARUCMURAY
 .text          0x00005fa8       0xa4 C:/Work/NCS/v1.5.0/nrfxlib/softdevice_controller/lib/cortex-m4/soft-float/libsoftdevice_controller_multirole.a(libsoftdevice_controller_s140_debug_soft__obfuscated.elf)
                0x00005fa8                sym_NCQ5WTBCV7DGPK3QI3SSY5XGKOI2SE3XFCTKQKY
 .text          0x0000604c       0x48 C:/Work/NCS/v1.5.0/nrfxlib/softdevice_controller/lib/cortex-m4/soft-float/libsoftdevice_controller_multirole.a(libsoftdevice_controller_s140_debug_soft__obfuscated.elf)
 .text          0x00006094      0x12c C:/Work/NCS/v1.5.0/nrfxlib/softdevice_controller/lib/cortex-m4/soft-float/libsoftdevice_controller_multirole.a(libsoftdevice_controller_s140_debug_soft__obfuscated.elf)
 .text          0x000061c0       0x9c C:/Work/NCS/v1.5.0/nrfxlib/softdevice_controller/lib/cortex-m4/soft-float/libsoftdevice_controller_multirole.a(libsoftdevice_controller_s140_debug_soft__obfuscated.elf)
 .text          0x0000625c       0x82 C:/Work/NCS/v1.5.0/nrfxlib/softdevice_controller/lib/cortex-m4/soft-float/libsoftdevice_controller_multirole.a(libsoftdevice_controller_s140_debug_soft__obfuscated.elf)
                0x0000625c                sym_L64WJ6W52HQBFQCTPO5LHELOWQEJNMIWLQKG6JY
 *fill*         0x000062de        0x2 
 .text          0x000062e0      0x1e0 C:/Work/NCS/v1.5.0/nrfxlib/softdevice_controller/lib/cortex-m4/soft-float/libsoftdevice_controller_multirole.a(libsoftdevice_controller_s140_debug_soft__obfuscated.elf)
                0x000062e0                sym_LC3ZEWHKON2ISXS533OVI5553RH2RKHRICHPDVA
 .text          0x000064c0      0x1b8 C:/Work/NCS/v1.5.0/nrfxlib/softdevice_controller/lib/cortex-m4/soft-float/libsoftdevice_controller_multirole.a(libsoftdevice_controller_s140_debug_soft__obfuscated.elf)
                0x000064c0                sym_4NT3PFFI5Z6RN57T2HW54HJZ23JEQUTUQPJLJGI
 .text          0x00006678       0x34 C:/Work/NCS/v1.5.0/nrfxlib/softdevice_controller/lib/cortex-m4/soft-float/libsoftdevice_controller_multirole.a(libsoftdevice_controller_s140_debug_soft__obfuscated.elf)
                0x00006678                sym_C5MZWIO7BXLJIO65K7CGSHP3SLST2VORSHVBOVI
 .text          0x000066ac       0x1c C:/Work/NCS/v1.5.0/nrfxlib/softdevice_controller/lib/cortex-m4/soft-float/libsoftdevice_controller_multirole.a(libsoftdevice_controller_s140_debug_soft__obfuscated.elf)
                0x000066ac                sym_HEY3ASR5MAPRZMQHCLX76ITJZYOQ2OWWQGFPKUQ
 .text          0x000066c8       0x1c C:/Work/NCS/v1.5.0/nrfxlib/softdevice_controller/lib/cortex-m4/soft-float/libsoftdevice_controller_multirole.a(libsoftdevice_controller_s140_debug_soft__obfuscated.elf)
                0x000066c8                sym_ODIQTAIRDNRDYKCNA6G2YSI7F2EB2RNBBTF6MBQ
 .text          0x000066e4      0x128 C:/Work/NCS/v1.5.0/nrfxlib/softdevice_controller/lib/cortex-m4/soft-float/libsoftdevice_controller_multirole.a(libsoftdevice_controller_s140_debug_soft__obfuscated.elf)
                0x000066e4                sym_ZX776SCJSI3JTFST57XOZBXAMGDDC7FRRHZEJ7Q
 .text          0x0000680c       0x48 C:/Work/NCS/v1.5.0/nrfxlib/softdevice_controller/lib/cortex-m4/soft-float/libsoftdevice_controller_multirole.a(libsoftdevice_controller_s140_debug_soft__obfuscated.elf)
                0x0000680c                sym_35JWAFJL2IEYRDNORVIQ7BBAS7FQNUVOFCLQNSQ
 .text          0x00006854       0x70 C:/Work/NCS/v1.5.0/nrfxlib/softdevice_controller/lib/cortex-m4/soft-float/libsoftdevice_controller_multirole.a(libsoftdevice_controller_s140_debug_soft__obfuscated.elf)
 .text          0x000068c4       0xbe C:/Work/NCS/v1.5.0/nrfxlib/softdevice_controller/lib/cortex-m4/soft-float/libsoftdevice_controller_multirole.a(libsoftdevice_controller_s140_debug_soft__obfuscated.elf)
 *fill*         0x00006982        0x2 
 .text          0x00006984       0x20 C:/Work/NCS/v1.5.0/nrfxlib/softdevice_controller/lib/cortex-m4/soft-float/libsoftdevice_controller_multirole.a(libsoftdevice_controller_s140_debug_soft__obfuscated.elf)
                0x00006984                sym_AQNKAYNIT4GTGTVAKOZJZSWZBN4I6FFKO6L5AXA
 .text          0x000069a4       0x3c C:/Work/NCS/v1.5.0/nrfxlib/softdevice_controller/lib/cortex-m4/soft-float/libsoftdevice_controller_multirole.a(libsoftdevice_controller_s140_debug_soft__obfuscated.elf)
                0x000069a4                sym_OIELJZXQUH4XDAK7XBXBJX4CE2IIXWLOTEZEOSI
 .text          0x000069e0       0x28 C:/Work/NCS/v1.5.0/nrfxlib/softdevice_controller/lib/cortex-m4/soft-float/libsoftdevice_controller_multirole.a(libsoftdevice_controller_s140_debug_soft__obfuscated.elf)
                0x000069e0                sym_ASSU5HSD7LU7BXC2C2QNNVLB6AOHO4SQ3KK3OJY
 .text          0x00006a08      0x148 C:/Work/NCS/v1.5.0/nrfxlib/softdevice_controller/lib/cortex-m4/soft-float/libsoftdevice_controller_multirole.a(libsoftdevice_controller_s140_debug_soft__obfuscated.elf)
                0x00006a08                sym_2NLJY3RIUYXQOZYTZ6WNJA5SS4UKGFLVECP5SQA
 .text          0x00006b50       0x60 C:/Work/NCS/v1.5.0/nrfxlib/softdevice_controller/lib/cortex-m4/soft-float/libsoftdevice_controller_multirole.a(libsoftdevice_controller_s140_debug_soft__obfuscated.elf)
                0x00006b50                sym_ADAOR2PXB5YPMJS5MYFIWVIQAXMEM4PRXEVX3JI
 .text          0x00006bb0      0x190 C:/Work/NCS/v1.5.0/nrfxlib/softdevice_controller/lib/cortex-m4/soft-float/libsoftdevice_controller_multirole.a(libsoftdevice_controller_s140_debug_soft__obfuscated.elf)
                0x00006bb0                sym_FTGDIHB35XVITI7QRBPNULMZCYC2B7JJ7JXVWYA
 .text          0x00006d40      0x168 C:/Work/NCS/v1.5.0/nrfxlib/softdevice_controller/lib/cortex-m4/soft-float/libsoftdevice_controller_multirole.a(libsoftdevice_controller_s140_debug_soft__obfuscated.elf)
                0x00006d40                sym_BBCGHL23UJV466BYW2SHQ2OBUQH4NLFTPMY4GQA
 .text          0x00006ea8       0x38 C:/Work/NCS/v1.5.0/nrfxlib/softdevice_controller/lib/cortex-m4/soft-float/libsoftdevice_controller_multirole.a(libsoftdevice_controller_s140_debug_soft__obfuscated.elf)
                0x00006ea8                sym_ZUFGUNQKQRINYDDQ2AFT3BJLR3IFVV6WJFPT3PA
 .text          0x00006ee0       0xcc C:/Work/NCS/v1.5.0/nrfxlib/softdevice_controller/lib/cortex-m4/soft-float/libsoftdevice_controller_multirole.a(libsoftdevice_controller_s140_debug_soft__obfuscated.elf)
 .text          0x00006fac       0xd4 C:/Work/NCS/v1.5.0/nrfxlib/softdevice_controller/lib/cortex-m4/soft-float/libsoftdevice_controller_multirole.a(libsoftdevice_controller_s140_debug_soft__obfuscated.elf)
 .text          0x00007080       0x66 C:/Work/NCS/v1.5.0/nrfxlib/softdevice_controller/lib/cortex-m4/soft-float/libsoftdevice_controller_multirole.a(libsoftdevice_controller_s140_debug_soft__obfuscated.elf)
                0x00007080                sym_436OKKOGR27QX7FMSZKYSEYLCMU4ZXR5RN4XUBY
 *fill*         0x000070e6        0x2 
 .text          0x000070e8       0xb0 C:/Work/NCS/v1.5.0/nrfxlib/softdevice_controller/lib/cortex-m4/soft-float/libsoftdevice_controller_multirole.a(libsoftdevice_controller_s140_debug_soft__obfuscated.elf)
 .text          0x00007198       0x54 C:/Work/NCS/v1.5.0/nrfxlib/softdevice_controller/lib/cortex-m4/soft-float/libsoftdevice_controller_multirole.a(libsoftdevice_controller_s140_debug_soft__obfuscated.elf)
                0x00007198                sym_NFQK2HO6DBYRYVUCFLRI766EKAAKCM57FJRRS5Y
 .text          0x000071ec      0x180 C:/Work/NCS/v1.5.0/nrfxlib/softdevice_controller/lib/cortex-m4/soft-float/libsoftdevice_controller_multirole.a(libsoftdevice_controller_s140_debug_soft__obfuscated.elf)
                0x000071ec                sym_JIJASGQH4XEEPZL7D35VQHVPKKLANGDBS2M46NQ
 .text          0x0000736c       0x18 C:/Work/NCS/v1.5.0/nrfxlib/softdevice_controller/lib/cortex-m4/soft-float/libsoftdevice_controller_multirole.a(libsoftdevice_controller_s140_debug_soft__obfuscated.elf)
                0x0000736c                sym_LH2VB7IMRXMGTCCJDOMH7JXYZ5MZLQ2OSANOJDA
 .text          0x00007384       0x34 C:/Work/NCS/v1.5.0/nrfxlib/softdevice_controller/lib/cortex-m4/soft-float/libsoftdevice_controller_multirole.a(libsoftdevice_controller_s140_debug_soft__obfuscated.elf)
                0x00007384                sym_U7WTPI24N35WTMGPC25KDS7Q3PHHHS7M5KI6IPY
 .text          0x000073b8      0x114 C:/Work/NCS/v1.5.0/nrfxlib/softdevice_controller/lib/cortex-m4/soft-float/libsoftdevice_controller_multirole.a(libsoftdevice_controller_s140_debug_soft__obfuscated.elf)
                0x000073b8                sym_J4NWMRMCG7RYO342PTMJRJ2HQEKT7SCETMBVQDA
 .text          0x000074cc        0xc C:/Work/NCS/v1.5.0/nrfxlib/softdevice_controller/lib/cortex-m4/soft-float/libsoftdevice_controller_multirole.a(libsoftdevice_controller_s140_debug_soft__obfuscated.elf)
                0x000074cc                sym_RYQA5YFFRJZLTYB2ISC2Y3WUY3XB3LBBL37F22Q
 .text          0x000074d8       0x84 C:/Work/NCS/v1.5.0/nrfxlib/softdevice_controller/lib/cortex-m4/soft-float/libsoftdevice_controller_multirole.a(libsoftdevice_controller_s140_debug_soft__obfuscated.elf)
                0x000074d8                sym_GNUIHYMK3THJZQYGL7BBI74HDMHN6SBQQRVNSAY
 .text          0x0000755c       0x48 C:/Work/NCS/v1.5.0/nrfxlib/softdevice_controller/lib/cortex-m4/soft-float/libsoftdevice_controller_multirole.a(libsoftdevice_controller_s140_debug_soft__obfuscated.elf)
                0x0000755c                sym_3NMQXTBVJ27TN5IIVET3BSKEAUONNKTPZTYP2HY
 .text          0x000075a4       0x18 C:/Work/NCS/v1.5.0/nrfxlib/softdevice_controller/lib/cortex-m4/soft-float/libsoftdevice_controller_multirole.a(libsoftdevice_controller_s140_debug_soft__obfuscated.elf)
                0x000075a4                sym_DG6VHZEFRVR44ESTRZM42ZEBJG4KXT7IVJESA4Y
 .text          0x000075bc      0x258 C:/Work/NCS/v1.5.0/nrfxlib/softdevice_controller/lib/cortex-m4/soft-float/libsoftdevice_controller_multirole.a(libsoftdevice_controller_s140_debug_soft__obfuscated.elf)
                0x000075bc                sym_L2IWXNCKXJIQJRTEIIW7HGFEPJAQM34TKD2GOIA
 .text          0x00007814       0x7c C:/Work/NCS/v1.5.0/nrfxlib/softdevice_controller/lib/cortex-m4/soft-float/libsoftdevice_controller_multirole.a(libsoftdevice_controller_s140_debug_soft__obfuscated.elf)
                0x00007814                sym_KC3JIKE7HTERE3Q3BXMRUIDPAENUZKVBIDO6ODY
 .text          0x00007890       0x24 C:/Work/NCS/v1.5.0/nrfxlib/softdevice_controller/lib/cortex-m4/soft-float/libsoftdevice_controller_multirole.a(libsoftdevice_controller_s140_debug_soft__obfuscated.elf)
                0x00007890                sym_JWG2K5Z2IDS7IGZ34EUMCNHIOV34425FH263YQQ
 .text          0x000078b4       0x24 C:/Work/NCS/v1.5.0/nrfxlib/softdevice_controller/lib/cortex-m4/soft-float/libsoftdevice_controller_multirole.a(libsoftdevice_controller_s140_debug_soft__obfuscated.elf)
                0x000078b4                sym_M7OTIJAFMGS6XNOB3KIKP2PSIWVW5IRGENKBGTA
 .text          0x000078d8       0x10 C:/Work/NCS/v1.5.0/nrfxlib/softdevice_controller/lib/cortex-m4/soft-float/libsoftdevice_controller_multirole.a(libsoftdevice_controller_s140_debug_soft__obfuscated.elf)
                0x000078d8                sym_TPWVJBQKX2TXZDZ4IZ6XDJYVEDFBPIX3TMZMRCQ
 .text          0x000078e8       0x10 C:/Work/NCS/v1.5.0/nrfxlib/softdevice_controller/lib/cortex-m4/soft-float/libsoftdevice_controller_multirole.a(libsoftdevice_controller_s140_debug_soft__obfuscated.elf)
                0x000078e8                sym_UEZ3FVWFJ5XVLQBVVAHW7UTXVCC77F7ZYGOMLTQ
 .text          0x000078f8       0x14 C:/Work/NCS/v1.5.0/nrfxlib/softdevice_controller/lib/cortex-m4/soft-float/libsoftdevice_controller_multirole.a(libsoftdevice_controller_s140_debug_soft__obfuscated.elf)
                0x000078f8                sym_4BHBBQGG3Z4AATH4MTZL2WFYY6WPEFHF75U64WQ
 .text          0x0000790c       0x10 C:/Work/NCS/v1.5.0/nrfxlib/softdevice_controller/lib/cortex-m4/soft-float/libsoftdevice_controller_multirole.a(libsoftdevice_controller_s140_debug_soft__obfuscated.elf)
                0x0000790c                sym_XRU76NANM3C4EMKWQU3DF6CELSRNDV6766IKPJI
 .text          0x0000791c       0x10 C:/Work/NCS/v1.5.0/nrfxlib/softdevice_controller/lib/cortex-m4/soft-float/libsoftdevice_controller_multirole.a(libsoftdevice_controller_s140_debug_soft__obfuscated.elf)
                0x0000791c                sym_BDDELQSYWHVCCHSF6HGFFAORZOC56R54KIF45KY
 .text          0x0000792c       0x10 C:/Work/NCS/v1.5.0/nrfxlib/softdevice_controller/lib/cortex-m4/soft-float/libsoftdevice_controller_multirole.a(libsoftdevice_controller_s140_debug_soft__obfuscated.elf)
                0x0000792c                sym_NGJGZTNK6YIH3QX2NKB6A6MT7N5AOKWA6ZOOANQ
 .text          0x0000793c       0x10 C:/Work/NCS/v1.5.0/nrfxlib/softdevice_controller/lib/cortex-m4/soft-float/libsoftdevice_controller_multirole.a(libsoftdevice_controller_s140_debug_soft__obfuscated.elf)
                0x0000793c                sym_BPVIPCP3IMFHHNRASYWRUQPTOXIXQGWP3DTKXWI
 .text          0x0000794c        0xc C:/Work/NCS/v1.5.0/nrfxlib/softdevice_controller/lib/cortex-m4/soft-float/libsoftdevice_controller_multirole.a(libsoftdevice_controller_s140_debug_soft__obfuscated.elf)
                0x0000794c                sym_L5UCRJFFWEVVII5IYG6PAKIQHXM34B62KO6ERPY
 .text          0x00007958        0xc C:/Work/NCS/v1.5.0/nrfxlib/softdevice_controller/lib/cortex-m4/soft-float/libsoftdevice_controller_multirole.a(libsoftdevice_controller_s140_debug_soft__obfuscated.elf)
                0x00007958                sym_YU3HMHUZPM7PR5DUQBMKDUTAWNSSB25QLMUQA6Y
 .text          0x00007964       0x14 C:/Work/NCS/v1.5.0/nrfxlib/softdevice_controller/lib/cortex-m4/soft-float/libsoftdevice_controller_multirole.a(libsoftdevice_controller_s140_debug_soft__obfuscated.elf)
                0x00007964                sym_WGJLFS2PDN6RZG7JWUITZ3W5MGJYYXFXIKI3GGQ
 .text          0x00007978        0xc C:/Work/NCS/v1.5.0/nrfxlib/softdevice_controller/lib/cortex-m4/soft-float/libsoftdevice_controller_multirole.a(libsoftdevice_controller_s140_debug_soft__obfuscated.elf)
                0x00007978                sym_PY5KUATPBYOYJBMP6H7AVRPSEO7BZX2JK524O6A
 .text          0x00007984       0x64 C:/Work/NCS/v1.5.0/nrfxlib/softdevice_controller/lib/cortex-m4/soft-float/libsoftdevice_controller_multirole.a(libsoftdevice_controller_s140_debug_soft__obfuscated.elf)
                0x00007984                sym_4WIY2RAFLOZNOS4O5BEVWEYHIO3NV42IZ2Q2NWQ
 .text          0x000079e8        0xc C:/Work/NCS/v1.5.0/nrfxlib/softdevice_controller/lib/cortex-m4/soft-float/libsoftdevice_controller_multirole.a(libsoftdevice_controller_s140_debug_soft__obfuscated.elf)
                0x000079e8                sym_2T6B57C7Z3NDT5ASKUJUGCCL3DBEO2AO4XX23BI
 .text          0x000079f4        0xc C:/Work/NCS/v1.5.0/nrfxlib/softdevice_controller/lib/cortex-m4/soft-float/libsoftdevice_controller_multirole.a(libsoftdevice_controller_s140_debug_soft__obfuscated.elf)
                0x000079f4                sym_4HDCBJCT2JOHNORERPDEH2A3V47FOX6NCTAKLUA
 .text          0x00007a00        0xc C:/Work/NCS/v1.5.0/nrfxlib/softdevice_controller/lib/cortex-m4/soft-float/libsoftdevice_controller_multirole.a(libsoftdevice_controller_s140_debug_soft__obfuscated.elf)
                0x00007a00                sym_4FKJZF4AXR7RHM7IPPZMVUWU7W6MFHLX726TPNY
 .text          0x00007a0c       0x1c C:/Work/NCS/v1.5.0/nrfxlib/softdevice_controller/lib/cortex-m4/soft-float/libsoftdevice_controller_multirole.a(libsoftdevice_controller_s140_debug_soft__obfuscated.elf)
                0x00007a0c                sym_DZ4VHVOVANVDVX7ECCNFNRACUFPY2WIUPGGZ27Y
 .text          0x00007a28       0x1c C:/Work/NCS/v1.5.0/nrfxlib/softdevice_controller/lib/cortex-m4/soft-float/libsoftdevice_controller_multirole.a(libsoftdevice_controller_s140_debug_soft__obfuscated.elf)
                0x00007a28                sym_VD45NAZNLOGGVVD5JTOGXKZNINHWZNPETQGEFXA
 .text          0x00007a44       0x1c C:/Work/NCS/v1.5.0/nrfxlib/softdevice_controller/lib/cortex-m4/soft-float/libsoftdevice_controller_multirole.a(libsoftdevice_controller_s140_debug_soft__obfuscated.elf)
                0x00007a44                sym_ID5SI2L6AD3KMSDR72YSJZGVIA6DEYQZU7WJI3I
 .text          0x00007a60        0xc C:/Work/NCS/v1.5.0/nrfxlib/softdevice_controller/lib/cortex-m4/soft-float/libsoftdevice_controller_multirole.a(libsoftdevice_controller_s140_debug_soft__obfuscated.elf)
                0x00007a60                sym_WAXMY55QAGCTLTIDQV34FPT2PPSDRT5VDN7EYYY
 .text          0x00007a6c       0x20 C:/Work/NCS/v1.5.0/nrfxlib/softdevice_controller/lib/cortex-m4/soft-float/libsoftdevice_controller_multirole.a(libsoftdevice_controller_s140_debug_soft__obfuscated.elf)
                0x00007a6c                sym_I72BLVRK23UDT6KM4GEW6EVDLN4L7QB2CLD4CMY
 .text          0x00007a8c       0x4c C:/Work/NCS/v1.5.0/nrfxlib/softdevice_controller/lib/cortex-m4/soft-float/libsoftdevice_controller_multirole.a(libsoftdevice_controller_s140_debug_soft__obfuscated.elf)
                0x00007a8c                sym_RPDYS5TXULS3Z2BQR7IFNSOINXPPN4LN764SRIY
 .text          0x00007ad8       0x10 C:/Work/NCS/v1.5.0/nrfxlib/softdevice_controller/lib/cortex-m4/soft-float/libsoftdevice_controller_multirole.a(libsoftdevice_controller_s140_debug_soft__obfuscated.elf)
                0x00007ad8                sym_H6NC6L6VJY74V6C72Y6E5P4HGSZIVJQXMUOQZ5Y
 .text          0x00007ae8      0x1b0 C:/Work/NCS/v1.5.0/nrfxlib/softdevice_controller/lib/cortex-m4/soft-float/libsoftdevice_controller_multirole.a(libsoftdevice_controller_s140_debug_soft__obfuscated.elf)
 .text          0x00007c98      0x108 C:/Work/NCS/v1.5.0/nrfxlib/softdevice_controller/lib/cortex-m4/soft-float/libsoftdevice_controller_multirole.a(libsoftdevice_controller_s140_debug_soft__obfuscated.elf)
 .text          0x00007da0       0xfc C:/Work/NCS/v1.5.0/nrfxlib/softdevice_controller/lib/cortex-m4/soft-float/libsoftdevice_controller_multirole.a(libsoftdevice_controller_s140_debug_soft__obfuscated.elf)
 .text          0x00007e9c       0x3c C:/Work/NCS/v1.5.0/nrfxlib/softdevice_controller/lib/cortex-m4/soft-float/libsoftdevice_controller_multirole.a(libsoftdevice_controller_s140_debug_soft__obfuscated.elf)
 .text          0x00007ed8       0x74 C:/Work/NCS/v1.5.0/nrfxlib/softdevice_controller/lib/cortex-m4/soft-float/libsoftdevice_controller_multirole.a(libsoftdevice_controller_s140_debug_soft__obfuscated.elf)
 .text          0x00007f4c       0x88 C:/Work/NCS/v1.5.0/nrfxlib/softdevice_controller/lib/cortex-m4/soft-float/libsoftdevice_controller_multirole.a(libsoftdevice_controller_s140_debug_soft__obfuscated.elf)
 .text          0x00007fd4      0x2a8 C:/Work/NCS/v1.5.0/nrfxlib/softdevice_controller/lib/cortex-m4/soft-float/libsoftdevice_controller_multirole.a(libsoftdevice_controller_s140_debug_soft__obfuscated.elf)
                0x00007fd4                sym_KBJ4SX4MJK4IAM4DI3ILSISVXIP6O72O62TW3OQ
 .text          0x0000827c       0x78 C:/Work/NCS/v1.5.0/nrfxlib/softdevice_controller/lib/cortex-m4/soft-float/libsoftdevice_controller_multirole.a(libsoftdevice_controller_s140_debug_soft__obfuscated.elf)
 .text          0x000082f4       0x74 C:/Work/NCS/v1.5.0/nrfxlib/softdevice_controller/lib/cortex-m4/soft-float/libsoftdevice_controller_multirole.a(libsoftdevice_controller_s140_debug_soft__obfuscated.elf)
 .text          0x00008368      0x120 C:/Work/NCS/v1.5.0/nrfxlib/softdevice_controller/lib/cortex-m4/soft-float/libsoftdevice_controller_multirole.a(libsoftdevice_controller_s140_debug_soft__obfuscated.elf)
 .text          0x00008488       0x7c C:/Work/NCS/v1.5.0/nrfxlib/softdevice_controller/lib/cortex-m4/soft-float/libsoftdevice_controller_multirole.a(libsoftdevice_controller_s140_debug_soft__obfuscated.elf)
 .text          0x00008504       0xf8 C:/Work/NCS/v1.5.0/nrfxlib/softdevice_controller/lib/cortex-m4/soft-float/libsoftdevice_controller_multirole.a(libsoftdevice_controller_s140_debug_soft__obfuscated.elf)
 .text          0x000085fc       0xd4 C:/Work/NCS/v1.5.0/nrfxlib/softdevice_controller/lib/cortex-m4/soft-float/libsoftdevice_controller_multirole.a(libsoftdevice_controller_s140_debug_soft__obfuscated.elf)
 .text          0x000086d0       0x74 C:/Work/NCS/v1.5.0/nrfxlib/softdevice_controller/lib/cortex-m4/soft-float/libsoftdevice_controller_multirole.a(libsoftdevice_controller_s140_debug_soft__obfuscated.elf)
 .text          0x00008744       0xac C:/Work/NCS/v1.5.0/nrfxlib/softdevice_controller/lib/cortex-m4/soft-float/libsoftdevice_controller_multirole.a(libsoftdevice_controller_s140_debug_soft__obfuscated.elf)
 .text          0x000087f0       0x30 C:/Work/NCS/v1.5.0/nrfxlib/softdevice_controller/lib/cortex-m4/soft-float/libsoftdevice_controller_multirole.a(libsoftdevice_controller_s140_debug_soft__obfuscated.elf)
 .text          0x00008820        0x4 C:/Work/NCS/v1.5.0/nrfxlib/softdevice_controller/lib/cortex-m4/soft-float/libsoftdevice_controller_multirole.a(libsoftdevice_controller_s140_debug_soft__obfuscated.elf)
 .text          0x00008824        0x8 C:/Work/NCS/v1.5.0/nrfxlib/softdevice_controller/lib/cortex-m4/soft-float/libsoftdevice_controller_multirole.a(libsoftdevice_controller_s140_debug_soft__obfuscated.elf)
 .text          0x0000882c        0x4 C:/Work/NCS/v1.5.0/nrfxlib/softdevice_controller/lib/cortex-m4/soft-float/libsoftdevice_controller_multirole.a(libsoftdevice_controller_s140_debug_soft__obfuscated.elf)
 .text          0x00008830       0x18 C:/Work/NCS/v1.5.0/nrfxlib/softdevice_controller/lib/cortex-m4/soft-float/libsoftdevice_controller_multirole.a(libsoftdevice_controller_s140_debug_soft__obfuscated.elf)
 .text          0x00008848       0x4c C:/Work/NCS/v1.5.0/nrfxlib/softdevice_controller/lib/cortex-m4/soft-float/libsoftdevice_controller_multirole.a(libsoftdevice_controller_s140_debug_soft__obfuscated.elf)
                0x00008848                sym_6FVWF5AWPR7EN7BPHS4APSIUXYFZQTTZCMRDKPY
 .text          0x00008894       0x64 C:/Work/NCS/v1.5.0/nrfxlib/softdevice_controller/lib/cortex-m4/soft-float/libsoftdevice_controller_multirole.a(libsoftdevice_controller_s140_debug_soft__obfuscated.elf)
                0x00008894                sym_CWVFJQ3UTS5MGUYKHB563UDBBB3FBCXUIVZDU2I
 .text          0x000088f8       0x70 C:/Work/NCS/v1.5.0/nrfxlib/softdevice_controller/lib/cortex-m4/soft-float/libsoftdevice_controller_multirole.a(libsoftdevice_controller_s140_debug_soft__obfuscated.elf)
                0x000088f8                sym_3ZNIOFG7XMX7YS4WHN4QVNG3AVWN2QVSTHUWDXQ
 .text          0x00008968       0xa0 C:/Work/NCS/v1.5.0/nrfxlib/softdevice_controller/lib/cortex-m4/soft-float/libsoftdevice_controller_multirole.a(libsoftdevice_controller_s140_debug_soft__obfuscated.elf)
                0x00008968                sym_FY3JF6XBXLAG22E42UPFUU55A3QFAFZDUGSPAPY
 .text          0x00008a08      0x130 C:/Work/NCS/v1.5.0/nrfxlib/softdevice_controller/lib/cortex-m4/soft-float/libsoftdevice_controller_multirole.a(libsoftdevice_controller_s140_debug_soft__obfuscated.elf)
                0x00008a08                sym_5AXOP4FMWSDQG27BL6BIS5GAVXQZMPGL37SAGQA
 .text          0x00008b38       0x4c C:/Work/NCS/v1.5.0/nrfxlib/softdevice_controller/lib/cortex-m4/soft-float/libsoftdevice_controller_multirole.a(libsoftdevice_controller_s140_debug_soft__obfuscated.elf)
                0x00008b38                sym_IWCITVPPUY332JRWMVJAKISCC47TLWX26E2MXOI
 .text          0x00008b84        0xc C:/Work/NCS/v1.5.0/nrfxlib/softdevice_controller/lib/cortex-m4/soft-float/libsoftdevice_controller_multirole.a(libsoftdevice_controller_s140_debug_soft__obfuscated.elf)
                0x00008b84                sym_WI2RDLNIWKOV64CKFZ2EF2DRND265I3CYCBNK6A
 .text          0x00008b90       0x10 C:/Work/NCS/v1.5.0/nrfxlib/softdevice_controller/lib/cortex-m4/soft-float/libsoftdevice_controller_multirole.a(libsoftdevice_controller_s140_debug_soft__obfuscated.elf)
                0x00008b90                sym_GWLFBYMUVMRXAWJAYXMEGM7D57QYGUJF3J77TCA
 .text          0x00008ba0       0x24 C:/Work/NCS/v1.5.0/nrfxlib/softdevice_controller/lib/cortex-m4/soft-float/libsoftdevice_controller_multirole.a(libsoftdevice_controller_s140_debug_soft__obfuscated.elf)
                0x00008ba0                sym_2MTQAETLPZUE4ZJFGJBDUADTDDEDQL67CNLDYRY
 .text          0x00008bc4      0x104 C:/Work/NCS/v1.5.0/nrfxlib/softdevice_controller/lib/cortex-m4/soft-float/libsoftdevice_controller_multirole.a(libsoftdevice_controller_s140_debug_soft__obfuscated.elf)
                0x00008bc4                sym_6PZGCXLPPNIPYHSAJRHQXJCKUI2SGZWI2B4DQZA
 .text          0x00008cc8       0x20 C:/Work/NCS/v1.5.0/nrfxlib/softdevice_controller/lib/cortex-m4/soft-float/libsoftdevice_controller_multirole.a(libsoftdevice_controller_s140_debug_soft__obfuscated.elf)
                0x00008cc8                sym_6LWBEVS5N6UBFJ6K5O4DUS3F7KTJBABC35DWXIY
 .text          0x00008ce8       0x1c C:/Work/NCS/v1.5.0/nrfxlib/softdevice_controller/lib/cortex-m4/soft-float/libsoftdevice_controller_multirole.a(libsoftdevice_controller_s140_debug_soft__obfuscated.elf)
                0x00008ce8                sym_7XLJMDJLN3HFZ62N4AZADQFCXDQ5POE6FAL5P2Q
 .text          0x00008d04        0xc C:/Work/NCS/v1.5.0/nrfxlib/softdevice_controller/lib/cortex-m4/soft-float/libsoftdevice_controller_multirole.a(libsoftdevice_controller_s140_debug_soft__obfuscated.elf)
                0x00008d04                sym_24SKLESBEZEAQ7XSDAQVJQD35IVFROKORCGBXPI
 .text          0x00008d10        0xc C:/Work/NCS/v1.5.0/nrfxlib/softdevice_controller/lib/cortex-m4/soft-float/libsoftdevice_controller_multirole.a(libsoftdevice_controller_s140_debug_soft__obfuscated.elf)
                0x00008d10                sym_WMA2OWGJYGOIIQV6R2LKF37IWYQHWWBT5LUJG6A
 .text          0x00008d1c       0x1c C:/Work/NCS/v1.5.0/nrfxlib/softdevice_controller/lib/cortex-m4/soft-float/libsoftdevice_controller_multirole.a(libsoftdevice_controller_s140_debug_soft__obfuscated.elf)
                0x00008d1c                sym_2XQD73Z3W4NFFHWTLZCIS7IQ3ACFNR3KKEBKCJQ
 .text          0x00008d38       0x58 C:/Work/NCS/v1.5.0/nrfxlib/softdevice_controller/lib/cortex-m4/soft-float/libsoftdevice_controller_multirole.a(libsoftdevice_controller_s140_debug_soft__obfuscated.elf)
                0x00008d38                sym_FQCHK2QLF7THGK7G4A4OWWNXI3K2TVYTTB4U4GY
 .text          0x00008d90      0x1c8 C:/Work/NCS/v1.5.0/nrfxlib/softdevice_controller/lib/cortex-m4/soft-float/libsoftdevice_controller_multirole.a(libsoftdevice_controller_s140_debug_soft__obfuscated.elf)
                0x00008d90                sym_EXAZKO22MNOFNIXIFHQ2Z4GAYMKBCE2UPJ6JSVI
 .text          0x00008f58       0xa0 C:/Work/NCS/v1.5.0/nrfxlib/softdevice_controller/lib/cortex-m4/soft-float/libsoftdevice_controller_multirole.a(libsoftdevice_controller_s140_debug_soft__obfuscated.elf)
 .text          0x00008ff8      0x6d4 C:/Work/NCS/v1.5.0/nrfxlib/softdevice_controller/lib/cortex-m4/soft-float/libsoftdevice_controller_multirole.a(libsoftdevice_controller_s140_debug_soft__obfuscated.elf)
 .text          0x000096cc      0x47c C:/Work/NCS/v1.5.0/nrfxlib/softdevice_controller/lib/cortex-m4/soft-float/libsoftdevice_controller_multirole.a(libsoftdevice_controller_s140_debug_soft__obfuscated.elf)
 .text          0x00009b48       0x68 C:/Work/NCS/v1.5.0/nrfxlib/softdevice_controller/lib/cortex-m4/soft-float/libsoftdevice_controller_multirole.a(libsoftdevice_controller_s140_debug_soft__obfuscated.elf)
                0x00009b48                sym_HT64RIVISXSWFJE3LL26YHKQRTRRXKVEDBUUUOQ
 .text          0x00009bb0       0x10 C:/Work/NCS/v1.5.0/nrfxlib/softdevice_controller/lib/cortex-m4/soft-float/libsoftdevice_controller_multirole.a(libsoftdevice_controller_s140_debug_soft__obfuscated.elf)
                0x00009bb0                sym_UFX5YQMS76OVX4LZ7T6GRG5R56NF5732ZNTZZJA
 .text          0x00009bc0       0x30 C:/Work/NCS/v1.5.0/nrfxlib/softdevice_controller/lib/cortex-m4/soft-float/libsoftdevice_controller_multirole.a(libsoftdevice_controller_s140_debug_soft__obfuscated.elf)
                0x00009bc0                sym_OGXWMXSCK2QG6TOSCWHHS4PII24VSXWVJJIPCDI
 .text          0x00009bf0       0xe8 C:/Work/NCS/v1.5.0/nrfxlib/softdevice_controller/lib/cortex-m4/soft-float/libsoftdevice_controller_multirole.a(libsoftdevice_controller_s140_debug_soft__obfuscated.elf)
                0x00009bf0                sym_FIYSAC63N2FF462LEI76F5US34JKFTAQDSI2LXA
 .text          0x00009cd8       0x30 C:/Work/NCS/v1.5.0/nrfxlib/softdevice_controller/lib/cortex-m4/soft-float/libsoftdevice_controller_multirole.a(libsoftdevice_controller_s140_debug_soft__obfuscated.elf)
                0x00009cd8                sym_B2B7AU2WDMX5JQNGTX4YKNCWQCXQIG5PWSSOSAI
 .text          0x00009d08      0x35c C:/Work/NCS/v1.5.0/nrfxlib/softdevice_controller/lib/cortex-m4/soft-float/libsoftdevice_controller_multirole.a(libsoftdevice_controller_s140_debug_soft__obfuscated.elf)
                0x00009d08                sym_GRKUQI62F6CK2HPCZKZRWSZ3PZVCGXTWPZAIMJA
 .text          0x0000a064       0x10 C:/Work/NCS/v1.5.0/nrfxlib/softdevice_controller/lib/cortex-m4/soft-float/libsoftdevice_controller_multirole.a(libsoftdevice_controller_s140_debug_soft__obfuscated.elf)
                0x0000a064                sym_OTZAOT4DEZSL3R4MXRNUS2BIBKPPCOEO2SMZYAI
 .text          0x0000a074       0x1c C:/Work/NCS/v1.5.0/nrfxlib/softdevice_controller/lib/cortex-m4/soft-float/libsoftdevice_controller_multirole.a(libsoftdevice_controller_s140_debug_soft__obfuscated.elf)
                0x0000a074                sym_RUQGL7Y7CEVCWXKLY62UGVRWLQYUPKUGTSH7NVY
 .text          0x0000a090       0x3c C:/Work/NCS/v1.5.0/nrfxlib/softdevice_controller/lib/cortex-m4/soft-float/libsoftdevice_controller_multirole.a(libsoftdevice_controller_s140_debug_soft__obfuscated.elf)
 .text          0x0000a0cc      0x4e4 C:/Work/NCS/v1.5.0/nrfxlib/softdevice_controller/lib/cortex-m4/soft-float/libsoftdevice_controller_multirole.a(libsoftdevice_controller_s140_debug_soft__obfuscated.elf)
 .text          0x0000a5b0      0x1c4 C:/Work/NCS/v1.5.0/nrfxlib/softdevice_controller/lib/cortex-m4/soft-float/libsoftdevice_controller_multirole.a(libsoftdevice_controller_s140_debug_soft__obfuscated.elf)
 .text          0x0000a774      0x7bc C:/Work/NCS/v1.5.0/nrfxlib/softdevice_controller/lib/cortex-m4/soft-float/libsoftdevice_controller_multirole.a(libsoftdevice_controller_s140_debug_soft__obfuscated.elf)
 .text          0x0000af30       0x38 C:/Work/NCS/v1.5.0/nrfxlib/softdevice_controller/lib/cortex-m4/soft-float/libsoftdevice_controller_multirole.a(libsoftdevice_controller_s140_debug_soft__obfuscated.elf)
 .text          0x0000af68       0xb4 C:/Work/NCS/v1.5.0/nrfxlib/softdevice_controller/lib/cortex-m4/soft-float/libsoftdevice_controller_multirole.a(libsoftdevice_controller_s140_debug_soft__obfuscated.elf)
 .text          0x0000b01c       0x70 C:/Work/NCS/v1.5.0/nrfxlib/softdevice_controller/lib/cortex-m4/soft-float/libsoftdevice_controller_multirole.a(libsoftdevice_controller_s140_debug_soft__obfuscated.elf)
 .text          0x0000b08c       0x64 C:/Work/NCS/v1.5.0/nrfxlib/softdevice_controller/lib/cortex-m4/soft-float/libsoftdevice_controller_multirole.a(libsoftdevice_controller_s140_debug_soft__obfuscated.elf)
 .text          0x0000b0f0       0xbc C:/Work/NCS/v1.5.0/nrfxlib/softdevice_controller/lib/cortex-m4/soft-float/libsoftdevice_controller_multirole.a(libsoftdevice_controller_s140_debug_soft__obfuscated.elf)
 .text          0x0000b1ac       0xac C:/Work/NCS/v1.5.0/nrfxlib/softdevice_controller/lib/cortex-m4/soft-float/libsoftdevice_controller_multirole.a(libsoftdevice_controller_s140_debug_soft__obfuscated.elf)
 .text          0x0000b258       0x6c C:/Work/NCS/v1.5.0/nrfxlib/softdevice_controller/lib/cortex-m4/soft-float/libsoftdevice_controller_multirole.a(libsoftdevice_controller_s140_debug_soft__obfuscated.elf)
 .text          0x0000b2c4       0x3c C:/Work/NCS/v1.5.0/nrfxlib/softdevice_controller/lib/cortex-m4/soft-float/libsoftdevice_controller_multirole.a(libsoftdevice_controller_s140_debug_soft__obfuscated.elf)
 .text          0x0000b300       0xd8 C:/Work/NCS/v1.5.0/nrfxlib/softdevice_controller/lib/cortex-m4/soft-float/libsoftdevice_controller_multirole.a(libsoftdevice_controller_s140_debug_soft__obfuscated.elf)
 .text          0x0000b3d8       0x90 C:/Work/NCS/v1.5.0/nrfxlib/softdevice_controller/lib/cortex-m4/soft-float/libsoftdevice_controller_multirole.a(libsoftdevice_controller_s140_debug_soft__obfuscated.elf)
 .text          0x0000b468       0x34 C:/Work/NCS/v1.5.0/nrfxlib/softdevice_controller/lib/cortex-m4/soft-float/libsoftdevice_controller_multirole.a(libsoftdevice_controller_s140_debug_soft__obfuscated.elf)
 .text          0x0000b49c       0x30 C:/Work/NCS/v1.5.0/nrfxlib/softdevice_controller/lib/cortex-m4/soft-float/libsoftdevice_controller_multirole.a(libsoftdevice_controller_s140_debug_soft__obfuscated.elf)
 .text          0x0000b4cc       0x50 C:/Work/NCS/v1.5.0/nrfxlib/softdevice_controller/lib/cortex-m4/soft-float/libsoftdevice_controller_multirole.a(libsoftdevice_controller_s140_debug_soft__obfuscated.elf)
 .text          0x0000b51c       0x20 C:/Work/NCS/v1.5.0/nrfxlib/softdevice_controller/lib/cortex-m4/soft-float/libsoftdevice_controller_multirole.a(libsoftdevice_controller_s140_debug_soft__obfuscated.elf)
 .text          0x0000b53c       0xe0 C:/Work/NCS/v1.5.0/nrfxlib/softdevice_controller/lib/cortex-m4/soft-float/libsoftdevice_controller_multirole.a(libsoftdevice_controller_s140_debug_soft__obfuscated.elf)
 .text          0x0000b61c      0x234 C:/Work/NCS/v1.5.0/nrfxlib/softdevice_controller/lib/cortex-m4/soft-float/libsoftdevice_controller_multirole.a(libsoftdevice_controller_s140_debug_soft__obfuscated.elf)
 .text          0x0000b850       0x68 C:/Work/NCS/v1.5.0/nrfxlib/softdevice_controller/lib/cortex-m4/soft-float/libsoftdevice_controller_multirole.a(libsoftdevice_controller_s140_debug_soft__obfuscated.elf)
 .text          0x0000b8b8       0x50 C:/Work/NCS/v1.5.0/nrfxlib/softdevice_controller/lib/cortex-m4/soft-float/libsoftdevice_controller_multirole.a(libsoftdevice_controller_s140_debug_soft__obfuscated.elf)
 .text          0x0000b908       0x3c C:/Work/NCS/v1.5.0/nrfxlib/softdevice_controller/lib/cortex-m4/soft-float/libsoftdevice_controller_multirole.a(libsoftdevice_controller_s140_debug_soft__obfuscated.elf)
 .text          0x0000b944       0x38 C:/Work/NCS/v1.5.0/nrfxlib/softdevice_controller/lib/cortex-m4/soft-float/libsoftdevice_controller_multirole.a(libsoftdevice_controller_s140_debug_soft__obfuscated.elf)
 .text          0x0000b97c      0x138 C:/Work/NCS/v1.5.0/nrfxlib/softdevice_controller/lib/cortex-m4/soft-float/libsoftdevice_controller_multirole.a(libsoftdevice_controller_s140_debug_soft__obfuscated.elf)
 .text          0x0000bab4       0xd4 C:/Work/NCS/v1.5.0/nrfxlib/softdevice_controller/lib/cortex-m4/soft-float/libsoftdevice_controller_multirole.a(libsoftdevice_controller_s140_debug_soft__obfuscated.elf)
 .text          0x0000bb88       0x2c C:/Work/NCS/v1.5.0/nrfxlib/softdevice_controller/lib/cortex-m4/soft-float/libsoftdevice_controller_multirole.a(libsoftdevice_controller_s140_debug_soft__obfuscated.elf)
 .text          0x0000bbb4       0x44 C:/Work/NCS/v1.5.0/nrfxlib/softdevice_controller/lib/cortex-m4/soft-float/libsoftdevice_controller_multirole.a(libsoftdevice_controller_s140_debug_soft__obfuscated.elf)
 .text          0x0000bbf8       0x30 C:/Work/NCS/v1.5.0/nrfxlib/softdevice_controller/lib/cortex-m4/soft-float/libsoftdevice_controller_multirole.a(libsoftdevice_controller_s140_debug_soft__obfuscated.elf)
 .text          0x0000bc28       0x44 C:/Work/NCS/v1.5.0/nrfxlib/softdevice_controller/lib/cortex-m4/soft-float/libsoftdevice_controller_multirole.a(libsoftdevice_controller_s140_debug_soft__obfuscated.elf)
 .text          0x0000bc6c       0x30 C:/Work/NCS/v1.5.0/nrfxlib/softdevice_controller/lib/cortex-m4/soft-float/libsoftdevice_controller_multirole.a(libsoftdevice_controller_s140_debug_soft__obfuscated.elf)
 .text          0x0000bc9c       0x34 C:/Work/NCS/v1.5.0/nrfxlib/softdevice_controller/lib/cortex-m4/soft-float/libsoftdevice_controller_multirole.a(libsoftdevice_controller_s140_debug_soft__obfuscated.elf)
 .text          0x0000bcd0       0x2c C:/Work/NCS/v1.5.0/nrfxlib/softdevice_controller/lib/cortex-m4/soft-float/libsoftdevice_controller_multirole.a(libsoftdevice_controller_s140_debug_soft__obfuscated.elf)
 .text          0x0000bcfc       0x30 C:/Work/NCS/v1.5.0/nrfxlib/softdevice_controller/lib/cortex-m4/soft-float/libsoftdevice_controller_multirole.a(libsoftdevice_controller_s140_debug_soft__obfuscated.elf)
 .text          0x0000bd2c       0x28 C:/Work/NCS/v1.5.0/nrfxlib/softdevice_controller/lib/cortex-m4/soft-float/libsoftdevice_controller_multirole.a(libsoftdevice_controller_s140_debug_soft__obfuscated.elf)
 .text          0x0000bd54       0x24 C:/Work/NCS/v1.5.0/nrfxlib/softdevice_controller/lib/cortex-m4/soft-float/libsoftdevice_controller_multirole.a(libsoftdevice_controller_s140_debug_soft__obfuscated.elf)
 .text          0x0000bd78       0x24 C:/Work/NCS/v1.5.0/nrfxlib/softdevice_controller/lib/cortex-m4/soft-float/libsoftdevice_controller_multirole.a(libsoftdevice_controller_s140_debug_soft__obfuscated.elf)
 .text          0x0000bd9c       0x78 C:/Work/NCS/v1.5.0/nrfxlib/softdevice_controller/lib/cortex-m4/soft-float/libsoftdevice_controller_multirole.a(libsoftdevice_controller_s140_debug_soft__obfuscated.elf)
 .text          0x0000be14       0x28 C:/Work/NCS/v1.5.0/nrfxlib/softdevice_controller/lib/cortex-m4/soft-float/libsoftdevice_controller_multirole.a(libsoftdevice_controller_s140_debug_soft__obfuscated.elf)
 .text          0x0000be3c       0x74 C:/Work/NCS/v1.5.0/nrfxlib/softdevice_controller/lib/cortex-m4/soft-float/libsoftdevice_controller_multirole.a(libsoftdevice_controller_s140_debug_soft__obfuscated.elf)
 .text          0x0000beb0       0x74 C:/Work/NCS/v1.5.0/nrfxlib/softdevice_controller/lib/cortex-m4/soft-float/libsoftdevice_controller_multirole.a(libsoftdevice_controller_s140_debug_soft__obfuscated.elf)
 .text          0x0000bf24       0x18 C:/Work/NCS/v1.5.0/nrfxlib/softdevice_controller/lib/cortex-m4/soft-float/libsoftdevice_controller_multirole.a(libsoftdevice_controller_s140_debug_soft__obfuscated.elf)
                0x0000bf24                sym_BWOW7IRAHQYZVS3PPGHEV5NC5WFIEH4A4RVZSCY
 .text          0x0000bf3c       0x10 C:/Work/NCS/v1.5.0/nrfxlib/softdevice_controller/lib/cortex-m4/soft-float/libsoftdevice_controller_multirole.a(libsoftdevice_controller_s140_debug_soft__obfuscated.elf)
                0x0000bf3c                sym_S6BPBH5XQUKYY4ZXMDE725VHOLMGWM2NXJZTDWI
 .text          0x0000bf4c       0x10 C:/Work/NCS/v1.5.0/nrfxlib/softdevice_controller/lib/cortex-m4/soft-float/libsoftdevice_controller_multirole.a(libsoftdevice_controller_s140_debug_soft__obfuscated.elf)
                0x0000bf4c                sym_3X3XIYZ47P6PUIPMHDVYO7YOEUWBHGUNR26JAYA
 .text          0x0000bf5c       0x10 C:/Work/NCS/v1.5.0/nrfxlib/softdevice_controller/lib/cortex-m4/soft-float/libsoftdevice_controller_multirole.a(libsoftdevice_controller_s140_debug_soft__obfuscated.elf)
                0x0000bf5c                sym_RYEXTTI2ZOCM2CXR6YIX3LY4EY42JA2IAGTBDIY
 .text          0x0000bf6c       0x10 C:/Work/NCS/v1.5.0/nrfxlib/softdevice_controller/lib/cortex-m4/soft-float/libsoftdevice_controller_multirole.a(libsoftdevice_controller_s140_debug_soft__obfuscated.elf)
                0x0000bf6c                sym_C6DXC74AFTZZCXMRWBEAHQAQL3FVDNYSC45JP5Q